-1 -1 eNrt1rEKACAIRVGf/v8/t7a0pCLFHc54MQhEmZkOYqML2V6DLQB08Q96T7Y++H70i4I+Hp9f0U/fXxN/ULEfKnp2FIBfLXOSBEQ=
-1 -2 eNrt1jEOACAIA0Cw//+zC6MOSoMaO9xYawgDbmYt+IZMlpV3Yj/Cbj8W35j1V+VHMm+AkPeLMWZ7wx9A2A0ku1G8m4zZvbKnIiIiv8ChuwrEu+Tkza2b5j8dL+sEfQ==
-1 -3 eNrt0TEOACAIQ1GK97+zq3GkJGr8w9soDUERocuMwvyq2unscLqrd7/wGzX8Rhfk1x1p3J+FvJryaeS15dPMn+oXAAAA8LEJDhwETQ==
-1 -4 eNrtlrEJAEAIAzX7D/0DfGkgKFdcGRUxwa6qhlPIoNegjlOvQH/HHsUd4r3B7W7yrcyeTejxLsCtPE1mcfoPk3F+BX/JNmU6APw8HSIEOg==
-1 -5 eNrtlzEKACAMA5v6/z+7iyA1lSpmuM0zQQoqzAwL2gCCMO64T2Qd2zXaeeYxHU6ekRBCiDdw0s3wvTBfMyBE7luvfdyf/Y/4pu+Ey2YjIbv6LkKSX93hFjpoyQRY
-1 -6 eNrt0zEOACAIQ1Gw97+zi5txIU3Q+Ic3FgiBjIgEgIKxdNW4pf/gFr7+ga684/4c+c79AQB2MuT1aH+Z5q/WkCnv2OPJBAWbBDs=
-1 -7 eNrtlzEOADEIw0D5/59v79r0vHjwGKEmCMrOzIo8JqA+JX2g+uf7A+gbWbR8yIUHrSwD9FEjOxHhZsDCMyDwHhcReXljUH+75q3xl2cfb8UEZQ==
-1 -8 eNrtzjEKADAIBEHv/P+f06SyTCAa2GIq2UNFhAAAwDNu7N38vz/vNaAHAMyW22l7s5FFvS94sAQf
-1 -9 eNrt1sEJACAMQ9GW7L+zK4gGksM/vGO0CG3dmVkAFRTKus5w5BXMu94RXX3h7g091vBTy0/ecX/LjADQP68TM1vhP4RKdhVw4wBqHgRR
-1 0 eNrt1jEKACAMQ9HU3P/OLo4OIkUw/OGNaaF0SEmqEH44Yyy7vA+zt/mu/d03dNAvAQAA+mFHN/o9T8cDskwTogQy
-1 1 eNrtlDECwDAIAhX//+fsXSqGDG0YbjzUQTIi0hhzLdh0Ff40B5s7QHBDCnxjzL/6VNVLELo16EQ8/Br2Iut2/U5mvcxnMtjsk34RPrtX1/XPG/NNFkpaBF4=
-1 2 eNrtljsOACAIQ4He/85OLsbJNvHX4Y0PCQZrRkQacylFuCB8ED4Gv8jzV2qo/V13WN4BY4z5MsMV2cNkWB3Qf8/iJP9CIF1VjR2+Yg4p6kHFC7NQ1fA7O6cBvDYEZQ==
-1 3 eNrtlDsOACAIQ/nc/87uxMVgbDEd3lgEfMHNzIX4mCSokY0aWXj59q4HB/eAckAIcZcgyAdBPsB51P7l+lk2mo5MzNf5Ua7L23k3luG+M//tAoXyBFI=
-1 4 eNrt1UEKACAIBEBj///nvuAhMmgOczQRdFtVteAzOVAf9XYJZN6VvJjsL+vo7FcG38jwv/7K/G4cejZUZgRR
-1 5 eNrtlTEOwCAMAxPn/39mYehQQUoCUZGHm4I5sJBQEVFCFrFOdA/vGiz4refwkn/uYZMZBn5z9INAh7P7ezpEoH9CCCHkNBj8Xd5sZV4T/BH319nuc2X5K9+DJvjx4/7JHTR/aQRa
-1 6 eNrt1zEOACAIA0Ba/v9nF30BGKrpcGOFNDqIiMAFFMh3ncGhHSrz2dgBBHEwy4fvtcK76pRbNZ/D86sdKHQIMzMz+xqH/xQU2eHV/OlvAbEKBEE=
-1 7 eNrt0DEKADAMQtGY3P/OXbtXkJQ/vFEFVVVCzITzrx1zSeRlyDs+2LoN/KrDHR3Md3jf9T8AAPA7EG4EKw==
-1 8 eNrtlTEOACAMAlv+/2hX9xrBeMONkEAa2lXVYEMBeg18NPTYdXqwPwAA+OPnyqg/+Wtd2bk/gOxtlGkfUjYqoYNb+RdD8wQt
-1 9 eNrt0jkKACAMBdEs97+zjYWkM/kgyBQPq4m4uJk5AAAAALkoa6ePQe+inrd8d38h+D+3XW6dGXmY7t8997T/2QJrNAQm
-10 -1 eNrtljEOwDAIAwH//89dOlVZiolAiYcbDwuzEGYWL56AcSf4U5nQaZBuNOf7oYB0QTp/Z+DjMflIdLBysLGvHT6a/Ko9vMCvmiGEEELc/ANO+Gt0y14eXqwEag==
-10 -2 eNrt1TsOACAIREEW7n9nOwtj4S/B6CsmVrs2BGRmGuQdmrSTbTuEKpp3tSMSsic7cB8/kPeP/xf7Dg/frIx8XJBnBgAAWQpNTgQx
-10 -3 eNrt08kJADAMA0FL/RedHhKBMNnHPH3gQzMjAMBKDsS7XL/Z+0sOl+fv8vx//BMX93yTw8E/UfFOAQA5Bx6/BCM=
-10 -4 eNrtljEOACAIA6H8/89OLiYO0iZG0+HGQiUOlxGR5jsgyONCVrVb1QHk/fHp/yoyW+QMVYdX88YYY4x5z7EhcnSmE8h3YeNhaOwv8q7Tpzp3XX30dAabv+mTAxduBFQ=
-10 -5 eNrt17ENACAMA8HY+w9NS0+IQfriyk9rRVWlYQ7e8EaHN6bbrl4AgCgHe3/es2UAgBf3uWsfb/+ZCxWbBB4=
-10 -6 eNrt0SEOAEAIA8FC///nsxdkCW7FyE0TKEkFAAAAAMDQQeOvTXsHvYcOdzf72/v5+J8PP0gEJA==
-10 -7 eNrt0cEJACAMxdA2+w/tBKLQKoI5vGMK5WdE5Md4oKdwe9bT8AMbd2jos9CvWhq24cC2kiRJknTbAH3HBBs=
-10 -8 eNrt1TEOACAIA0Ao//+ziw8waRFNOtyINUQhIyI3bEmYrGezzU4VWVuD+Yo71Oc9qOY3AEE+M48hmKU38kGeAUE+iH2i6vPkzuve2Yrz8UD91F80MzNTW+kGBEY=
-10 -9 eNrt1DEOACAIBEHg/v9nWwsrISjJFlMuBAvdzBzPREEfBX007VfBfm1zblsl3l+HOzp7/6AHMJOKZijZTu/5fwEAUy3pUgRF
-10 0 eNrtljsOACAIQwHvf2d3NgVTSd7w4kL5uLRuZg7wGZHeG3007aCcH6L9AQAAXvi6MhN0+HoIPV2ZCcgUM1hF7brsUdHmHhP1Xfd74f9P6jcPPwRA
-10 1 eNrt0iESACAMA8Gm/P/PGARFkqGYEyuvE1FFhAAAAAy5uH2a7c+ePwCAalw2u+7+vNPd6vH+CaREBDQ=
-10 2 eNrt0jEKADAIBEEP//9nmxQpUqmghC0GqzMqkZkJANDCD10128MTPSrZ1w6V2at3nMh25LfO5Q13nfpXG97XB3kAAAKU1gRJ
-10 3 eNrt1EEOABAMRNGa3v/OdiIioUps/uItx0gbipkVAECjZE7JbiWzv/tvzPDWHHfP8E70DJ/kFbzDql/B/pNdjvnoHjz5lpy/BwCA5yp4EgRG
-10 4 eNrt1rsKACAMQ9E+/v+fnQT3tFTlDmeMNLjEzcwBAO3yoObVN9Qe/CcwKz7Ix8P3Azdvjaq9MrF1vCCbjf1TvH1yg+1eCzMzBD4=
-10 5 eNrtlDsOADAIQkXvf+euXRtJsIbhjYi/gIjAIoqgL4H27r3rX4T5VTtg3PCVbGrVenzsb4zRk6L86NZg+SvzF85/szRTJvxnimcwZioHzVoEQA==
-10 6 eNrt0TEKADAIQ1GD979z11K6BG1B+MNbhERQRYQuciNTFvNnTyXvzDu6f+Rf3cX97bR8Nu0XAAAAAAy0AHZFBD0=
-10 7 eNrt0LENACAMA8GY7L8zDRNgK1B8ceXHUlRVwtfWcds5vYwb7r4CvcwWAABgQgf6NtsebtM3Xv0vsQ9M2YU3BDM=
-10 8 eNrt1DsOwCAMBFHjvf+dkwI6aLIWlqIpXjmA+GVE5Gt8lAX9aNQ9P/xz0eTcSafftTfXL/NNnvps+A94k/+hojFkthW9GvrKfQQAAFgeLgEERw==
-10 9 eNrt17EKwDAIhGE93/+du4SSoUOL19rhHz4yqQghRzIi8gYtuZ1P6MLXPWTYIw21eF8t3foamp+G2Y764i6hSYb3stPjD/On84a8AgBoOM81vIP4+50OGvEERQ==
-11 -1 eNrtl7ESACAIQjX+/59bGpqV4q4Y3gjinQNmRKSRA6EWDQ+I53f3Z3oYYziMxW3trq/6DEKG3cv3YIx5ucMyuyQzPxr6Sh40uzEOdHuI/ooU38MPTE+mBF0=
-11 -2 eNrt08ENACAIBEHw+u/Zjx1AcgT3Mc+NSDQjIrGWGnoVOhVmcPddO8R/f0fG3v3mZe4B1J3H2bvOnnJ/1/4A7HcBzOYEQw==
-11 -3 eNrtljkSACAIAzn+/2cbK1sixDHFlgFGIeBm5kIQkJspfTVGHnTr0e8wqRdCiNsEgT4KcaJYAyo/ogYn2FmI3f/6/SNf+NeTGGZ50g8R+RF/0NVrC7YqBFk=
-11 -4 eNrtlsEJADAIAzXuv3N3aISo5HHPI0KlJiMil1Kkx/j16RfpZ5O/9c1BeCBzIcxPcX7H/BfBAR+L5zfGGDPrb57QddR9z3dRs3eq3cPCnv0A3AIESQ==
-11 -5 eNrt1zEOACAIQ9G29z+0u6MSMOYPL0w0jMWSDHwq2zzNSMENHsrI8D4AAADo4909NAW/QC5uyKNdegGiOAQX
-11 -6 eNrt1sENACAIQ1Go++/sEDSpxH94xwZSPdBV1cCADHkZ8grt4Jjt6rFDPeqRdwQAgBvszztM4Q74j3uc5fOn+QtfqwQr
-11 -7 eNrtlksKwCAMRPO5/527KljBhU4IbXmLh6vRIQkZ3cwcYCKnc1c70q13Uat6SLF+AADdu95fsGs7c2rlIQ71MXD6/q1PoYcVuRtCH7Lgz0Fuwh9QdkLVHZUevl4HZvLJBcO9BHY=
-11 -8 eNrt1jEOACEIRFEY7n/nbaxMjO6CS/OLVyJqMRk3MweQosScCuY77u5Fuzv3A8CcRbqY5TF8PSMWZyg5/yZXd284+a8g1wH80PlU1HW7en5V1589kgMEPA==
-11 -9 eNrt1jEOACAIQ9ES7n9nF08gJBX9wxsxDqQlJAUAfCg313znG+4/AJibg675LObPDRn8QgeEuQsre9C1Qzn0jqC/cWIByW8EUQ==
-11 0 eNrtlDEOACAMAkv5/5/9gJOQ1CjDjUhTL0VV4XFoyFN8x5Xnp/3OP6XRiSmfYN5nuPv2nPpF0c/JPIR83AvhHVrMtdjdA7O7+kMIYccCZoAEYQ==
-11 1 eNrt1cEJADAIQ1E1++/cYwdoJFD+4R2DiBC7qvoTMuT1mFVovmN/ALv9pGDHpfpRhn5U+DcAAIBrDPkhH7vfARoqBDY=
-11 2 eNrt1rEJAEAIQ9GE7L/zDaEQD37xSg2CRSzJAL6X4WxK2dP8FG/Pwu1e2gEAAO53rnZ3udL7+KOeB2cXBC0=
-11 3 eNrt0jEKAEAIA0E1///ztddHUGSLKRNRzIhIAKvUx8nWwPw0s10ddeQX1JiX0aGGvLuHBu8IAABwwQOiYwQm
-11 4 eNrt18ENACAIQ1Ha/Yd2B4MpmH94R4IigaiqEoArboj3gHiH8it8/478yf7ZUGc3vtOmer86/w/zIt2L7C4AwJS/gAJ77QCqKwQu
-11 5 eNrtlEEKgDAMBJPN///sRaGIom3WpsIehp5maZombmYuPgOFPgh+de3VdxDz5gQL+Bj4Q60XO29y7/KPDDRnT21xyuh9lysfA24k+pH1neCzMoQQ81hh7hl+JF3G/o2f+trdQjyzAYi5BGo=
-11 6 eNrt1iEOADAIQ1Hg/oee2OQUJUu6fPFkCQEBGRFpoo7X2akaEz0AAPDrjXW+7w77VWbTmZGSveVL2Cv/FwBsCzjTBCQ=
-11 7 eNrt1TEKACAMQ9Em9z+0u6uBtvKHN0aopqiqEgAASziQd0PeFz2e0TH3773qeptEPxzaDQ3rSOJOtTA/YV/NfwN86QAsnwQq
-11 8 eNrt1ksKACAIRVE/+99zE1eQLzS4gzO8GBKUm5kDJUq3D0EfH85X7REAAMWbMvmux7J/xdT+uMN4IQVtNvru/A395Blc0N86mY8ERA==
-11 9 eNrt1TEOACAIQ1Hg/od2cXLRUIwa//DGBkO0upn5RHSepGRvpe4jhJlKPorymR2Mc4O7BNB1C32ndtVref5d/NgXXvTuKuafPAMA7NYAESIEMQ==
-12 -1 eNrtlTEKwEAMwxL7/3++9ejScgkpLRo0ygETcEZEAgAM4Rd8b54Ld33JmvSz0ecPAQC+u6H+sa9DXw/cu1wV91VN3ZxkqGnjKxlq6ABmWDOuBFk=
-12 -2 eNrt1csKACAIRFEb//+f20dBZg+CuzgQwWAoWDGzAgA4QpfyGtwpWEvNWcFsT7a+Er3ThhkALU9mX+X98/eP+q/AvvSJ/bO6a374KwCgAtbzBD0=
-12 -3 eNrt1zEKADAMQlFD7n/n7iVDqaUuf3hLQMlqSapND7dTbrYvO5zs1JH4wf0fAAAAQE6bOXeHJHbYqx3DDvpjAUueBDs=
-12 -4 eNrt1DsOACAIREHA+9/ZwsZaNn7wFVMuEEJwM3OU0C6oocjPdmXVewRQ/2eq/t3L83NHwBCCbCTy2f6rNeJwf8X+gd90DBYENg==
-12 -5 eNrt1kEKACAIRFGduf+d2wetlDL4i7ccNSwoIyKBB/x5fxez/nj+CfubSE01dDHrQg1vd1nFfDbl81KedwQAwNz/kBr668H8XWc47WIBj/IETA==
-12 -6 eNrt1SEWQCEIRFFG9r9nC+EHDIr+oC/cwnGYJjIzDwqezEaydzN5Dfo1wRcy2Q4BAI7xDf91ZcfO/r+z3zvFvXpHC5Vse7RfxSwA3KoDZxUETA==
-12 -7 eNrtlDEOACAMAtvy/z87mTgLplEZbgSqRTMi0nxLCfQl0E9AeGDRF3EOxmPOsHsvEHqwe0FjL5QefufGnPu/b893D94GIg80zsDkQ5TvLhnzFgMMNQRL
-12 -8 eNrtljEOACAMAov9/59djaMlgRiGG2lTRSmqChfrAI9MtDDof9MCbR9M9YoazP6Kewte74HhCYYfGfM7nIGbpxh/vkq/CHpWbsKgRgi/ZU+Lsyf7TAiByQbBlARt
-12 -9 eNrtlzkSACAIA4H8/8+2NhZKHDxSbLkpEBHdzPwxUJiBDi/KYPmVZ8CooYsr7ltlr57gZ+eNelAIIf4lCH4s5gTR37UfnLCPZt56hs/61yDpIln72QztSGMaqcEEgA==
-12 0 eNrt0KEWACAIQ1HQ//9noyQKUwgv3Mi2g5uZQ2oH1Yzft4r93f2KDVmuD/jNtL8AAIBrBdWMzv6O7QDeOugaBD4=
-12 1 eNrt0jEKACAMQ9E2vf+dXUXoEBUX//DGJFCaEZEAAAD4Wl3I7nRoypbRoSbv7GrJp7mvw9uJvwPw2AC7OAQg
-12 2 eNrt1rsNADAIQ0E++++cJhPElgLSK640IERBRkQO1APyLeRa7Ls179g98KIutcbPGUqsUaYZuCcA8Pyybcg7/rpcmgfgdwDmsgRH
-12 3 eNrtlTkOADAIwzj+/+curdQdRBg8eLTCEAU3M4e1pMh9Pvm6/K3EZdr9fVW+D/lZ6FAWupuNvgtu52eAehuVuxaiXe/y6RAAwAwHQrkETg==
-12 4 eNrt1r0KACAIhVF/3v+dW1sCS8mIbzjgcr3QkioiGmCLWTfzJ9l5hyX6rai/K4//eTLrBf2ezFbkveH9ACByA93+963hZqrcAQB4ywBeSgQz
-12 5 eNrtlDEOwDAMAo35/5+zVhkLahqZ4UbOkRWMqkIID3go65jtyCseGnYAk2MiLeT6Zb6FPEUHxfdzc0CYf+M/T89mdFzpt8vxlzwMO/j6PrsdIYQwnQUU8QRM
-12 6 eNrt1zEOACAIwECQ///Z1TihgEbT4cZKoouoiCie1IJtuzzbe4YNdubP7apIbwnzNaEHAAD4yev/u4z+5F3v7hWeu/L2VtR7dovq/uR7dwu6BF0=
-12 7 eNrtlEEOACEIA7H8/8++wAgom02cwxxpKzQOMxsAAAAPoAYNv5DBgzpa+HvCu2P+dPdONz/psRY3rGhU8kb9tcmuwvuy82ryr94nsrtd/kx31PB3AsA/mO7nBE4=
-12 8 eNrt0zEOACAIBEHw/v9nGy01kSNWW0y5kJCQEZEAgHbjc69ltx39eGxVaG9zqm2a+937O2S24vcAAMDBBAsOBDY=
-12 9 eNrtzTEKACAMBMFE//9nG3vBoCJMMeXeZUTkQp9yU6U9qT3+bcWNn3sAAADuGvi4BBA=
-2 -1 eNrt0jEOADAIAkCV//+5a4duEG0iw41Qk5IRkcuBzELwvuIGfHDD9h2B3BTzlxBsQZVPb8nMzBrUcIciW0T+xnZ0Zl890zsw2+IAVqEETQ==
-2 -2 eNrt1TEOACAIA0Bo//9nFx9gAopohxubgAR0M3MRKYUpmkdxDSfeigl5BrO781ionRfOEQ/tAYp6kH+w8S3MyGf04I3/PN0JEakyAG8WBEI=
-2 -3 eNrtljsOACAIQ/nc/85OLk4gSk3s8DYqEGOtiogSQghpw0Fn+AJCr0G9L/XZ/StzamLOG1pCOrAH9FZ4Rxb0Kd/oH/GPE/qKh6Dvj/yXP5B/Ylf26NgBmR0nA9eyBHs=
-2 -4 eNrtlTEOACAMAmv4/5/dHQWlUYYbqakKjKoaIXwEjDOwwM5w7R9CV49CpIfpfOUO7pwM4eYfhMADbEcr9YzvsXmXIN4DjTOtQyY6esHZR04vvKA/zQQtzQSX
-2 -5 eNrt0sENADAIQlGI++/cawfQYJt/eEdNIFiSAQAAgA/UJfnDTfc12FMy1+u9dm0s1YEHt4XdDrZ4BCs=
-2 -6 eNrtl7sWwDAIQjX8/z936dhHTqChA8PdRA4mg3ZV9QSYrLvTMnq2xw5/vNRA5LHqv2NOqjk7tF/+cdVcHW8Dwh+kXpk/hPDMOGG0w+zvyq/S92IPRf4QQlADwY4N8w0Icof+w310xQGXbwSM
-2 -7 eNrtlsEJACAMA1uy/86OYKURUe9xHyGNEBrNiEi4AjV0muhVnFE9X/Gv3G3mr6a/MxeZZmpT1rv0Mvg7MhFdAY90t3sv8+NeAAAAyEP/c/d73PUfM4sEhQ==
-2 -8 eNrtkzEOgEAMw9rk/39mZUACkRMF4cFjo/TO7apqAAC4hIfn39DBYcb0GxiPH0EL/kihowq6+6brDmaPMr52o9wXaDBDOzrMmNod1nmon3p41mED5xsETA==
-2 -9 eNrtlDkKwDAMBKXV//+cypA2aG05MMXgalagwxkRCbABvV41MtTIULN+GlyxCzZq2F8ZNeh/yVCzD47bTcPt31i/fjD/nftbh90bfOc/AgAAMMUDM50EVQ==
-2 0 eNrt1SEOADAIBEE4/v/nemS55MyKSdXSUNOuqgYAAHGzzp9+Dn0f+zH2E9rfTaEZMtyvQy/D7gq/OwA4/uV0v9sHYb8EPQ==
-2 1 eNrtljEWwDAIQkXvf+euHZNC1YHhj/+FOCiICBiaJLw3jA8yQ/ffO3OmeFY55J/OvAi/Dvw/XOX7U/nLu9CY9UzuKAjcrTs6Bfnzo39zW2vpfVf0QTT0iw190BjD8QDB7QRr
-2 2 eNrtkzEKwDAMA63o/3/O0qkQUhqBSKLhxhO2kVFVCCEcBc0ZFPl/c7g4w8j/krnivm9P8U2xsT/L4MZ9h6ivJ/y7Y3eYfyuEoKE9OH3X/E3gp0P30AHHeQRq
-2 3 eNrt1jEKAEAIA8GI///z9YKVoshtMWVsVIhJMpzni3kPqjMms3EGtwQAAH7vhNudqqNTXu3VXTvgF5B57O8EOQ==
-2 4 eNrt17EKACAIhGG993/o1ogaRNKgf/g2PcHt3Mz8MWrez2Zoks3o/gMAAACAu50j2h/W+Wh30IEX3d/tqLhv/WoA0cwEJQ==
-2 5 eNrt0zsOACAIREFY7n9nGws7EzXi5xVTIpuNuJk5sFlUt877AfO9d2Oym9GOYrLfzN0r83PnAAC8TwvmdcB+JeZXUva2P330ZwvQhgRJ
-2 6 eNrtlkEOACEIA4H+/88+YC8CjayxhzkOJqQpupm5+BBNl+FH02XNmNiBELcCgo/iHDR9J/rd/eGhW8Hoah/wndTzMezf2A/VXez4UeiHTJaxkcVIvJ/JMX6cQf2ZhBCnWJvFBGk=
-2 7 eNrtljsOACAIQ5He/85Obn4jgtEOb3zUGmNIIpII+RgY+Ag6Azbzo32LO7TIJ++jDjMwcLUzAxPveeTXXF3o38pWJ3+m/+n/nBBCyL27MoI6wMhH8K5c/AwdZQRt
-2 8 eNrt0jEOACAIQ1Ha+x/axV0QEgf/8BaSAhIVESrypkvdfLaHD3Un53R21NA7/SA/lXXzdhN/RQAAAADwuQWfSwQc
-2 9 eNrtlEkKADAIAzX+/8+9FwrFrRRzmGOIa1REdBhI0MPpiYA/NjrqPvl7ZomEfSB5nxUz6a4DA3+Y3GNBrQW1v/pH9JbYP2+YEPIiP17mtzI/CSllATCBBFM=
-3 -1 eNrtlMEOwDAIQhX//597XXZEEraGwzsi2ipdVR3C5cBYAwJ/Rj/Lvofsf16w3qx+6/2cfXI7shuC4IaYGhutQq/MAJgzMHh36Qu7CHOGuGZW/Fn/9N2THyHcxwEIWQRU
-3 -2 eNrtlrENADAIwwj8/3M/6NKoFNWDRwMSKEIRoc9Ig5+HrquGAAA+zmI1Z6nLz+Hzc8P399f5y7h275ihM4MA4E3K4Nfw/jt/AZtvBDo=
-3 -3 eNrtlkEOABAMBNvt///sKi5CJVvsYdKDTINFuJm5eJoY6m6PILi9HyS/yvpn+WbG2XvDzpbhVnwjGOe7wv36Pf9VQPSR8HFo7tC/QgghxMU0G/AEWw==
-3 -4 eNrtlDEOACAIAwv8/88uPsCkBJB0uPEgBdQA2CKCdCf40eSzNdjeNsSPZW9CCCHEDPzC+k663ty/Kr8TO/gt62v+yhqZc+icgcj/w6xxp7oJ4AAV/QRV
-3 -5 eNrt1LENACAMA8FA9t+ZNiXCFm6+uPJBESKrqhYQ1mLr6FtsE71z/sTbAYo9pM6Y/etfcvTKP57z9+e7XXuEPQQAwJ0DLGUETA==
-3 -6 eNrt1DEKACAMQ9HW3P/OLk4FpwpR+cMbk0opZkQkAADAh7Q48t3Z7vfXHmf+RI/M96QL9ij+BDxiNLNVt8M1Pxv5XXYCDVcEPQ==
-3 -7 eNrt1zEOACAIBEEO/v9nGys7QENMtphYXWK5yMyU5JuKuntd2k//AQAAADMN1mlBH27R1x072fm/3xncB8iI481uo7Bd42QEJg==
-3 -8 eNrt0jEKACAMBMHk7v9/thctktgIW0y5HgQzIhIAAABAix701Tc8bD3Yv/Uq9j70Ku6rsb/fLwe35//jNwu3fAQt
-3 -9 eNrt080KABAQhdG54/3f2UbSFPkrpW9xsuBeFDIzAQAAAPiaP+rwQIcdo3P11viFPWayOrzfq/yNN+L8sSoVasbVbAo9u/k4nwFopAQx
-3 0 eNrt1DEOADEIA0Ew///ztfS2LkLaYkrjJFLoquqAWdwZf2f3DBl5mf0K9Ms496v8zir89jJnvLzT9f7En+jw+cfsn4O7MbkfGwAAAKd9p5EESA==
-3 1 eNrtljEKACAMA9vm/392FcGlESI0w4FLei6mZkSkMcYMoIT5OvIg/SDdIN0dfxFuZsYL/36G35IZ2H/qDr31WbdLlP5f9pCZCz7Ig5gD8g5qf4r/Egs/LgRY
-3 2 eNrtlzEOgDAMA2P5/39mYWKjtqCgG25MG7lO5WhmBLfxSVLrD9+vQv/4CAAA4N1Mcs0F3qCHP2qbZKWVM5pv6iDDuaCHA4841LGlpTb1N39gb69SYc6f0usA5GYEfw==
-3 3 eNrt0TEKACAMBMHE+/+fbUWwkAQOZYvBag0hGREJAADwKTX0apiv4vyOXsbeeQPgZGzvbbvK4h/VHVw93jIBKfcENA==
-3 4 eNrt07EJADAMAzAn/x/dpScUAqkGjcaLXUkKAD7W13S+B/vtgFeb7EWf8g1gmwO56AQZ
-3 5 eNrt1jEKwDAMQ1Fbvv+dO7ZkSZuImtI/vFEymECcEZGAUTXmyzR/1qGFrCbZO7OvHXq4Ow1W97PT4Zqdmx2deQCoH+cd/zTwJWrucN59evluTOPtyls8HXhqBEU=
-3 6 eNrt1TEOADAIQlHh/od26Q1qYmj/8EYiE6qqhG/52Mpr4L6C+wPI2MnNjZvYyIkOvsw69E+w8wCAlzQQQwQa
-3 7 eNrtzTEKACAQA8Hc5f9/FqysjSjCFlMuW5IKAAAAwOSg84F3+vejP3BLf9z3Iul3/wN1BAQd
-3 8 eNrtljEOwCAMAxPn/3/uytAJp4RKN5wynVEYMBkRCQDwATWcUcusTb82fcd9y3D8HPL/jExXRobMDJk7qOkOeAMB6PJs6qEbevj0+Z3+5D8O7uMBwLIEag==
-3 9 eNrt1jkOACAIAEGO///ZxtpEISJxiykXGhNUEdFNNumh7j3u8kDngT46I2t/RZs5AwBW97iifekvYo3384bj/4uqnhsP/GsAbTYEPA==
-4 -1 eNrtljEKwDAMA23r/3/ukiFDp0o0BG64UQ4oNlJXVQNczoRmzAHtrp+ftWkPIeOlFo7e2QmZe6WAhzroX+oPuAUAgPuQmeWJDP06Q+b7MrqEXrIz0SHot3keD2oEUA==
-4 -2 eNrtzzEOACAIQ1Gw97+zqyEakUVj/vAmaUE3MwcAfE2P5VuhW5O8kh0aZlrIK7zv9q+yOri9sj/zN7/YAQAA3tcBSE4EQA==
-4 -3 eNrtlDsOACAMQivc/86u7iViKsMb6S/NW1W1QjiAIO+sAdEMYc5f4oG/VuXR6AvB7XHZJ2EWFOTZyLHZl829ab5fCGGuV2lwqzLv9CI/8/IG8kcERQ==
-4 -4 eNrtz7kNADAIBEHg+u/ZqWMDwkIbTLg8bmYONFJBrw/2a/B+FfyxQRS0kehvU70/zsi0AAAA2OEADJYEKw==
-4 -5 eNrt1zEOwCAMQ9Ekvv+du0RCQp3qFJY/vNGYIUghI0ItP3KyafZroB8AACxlZss442a+eqdwujVwd5n9MvYzbZx8XurnDeNtHiZm8vR74J+EPzx+BgRc
-4 -6 eNrt1jEKACAMQ9HG3P/Oru5WUuEPbwxIgxBVlQCM4WDeh5u8AnkH827o7YcbdfY85b+ty2w6r4/fDwBg077etApuJg/tZQOiCgRN
-4 -7 eNrt1rEKACAIRVF9///RLU3R9AwruMOBFgtNrIyIRDtNP8brUDx9AKB77u7Wzh6356eMnN3cf3yrtNyVinVW8/lOv6pQQz3wL2BGAUCPAdmvBDU=
-4 -8 eNrtlzEOwCAMA5P7/6NZOiDUhWIRqDycmOIgEiQ7IyI7eMjunIVBZ7eGqn9FrTHGGPM3OEBDUV/hDRB6okpfxAEat/8D1RvuugOL8+Mll/Bx71d6V2YSBLNzLjEjDePbBEc=
-4 -9 eNrtkkESwCAIAyH8/89+gHGs0baHPezNnQgkIyIBAAAAAH6EDE+Gn4t+l6OHf+9yZOTvZOvjHevlftzqw8qcMubc8XVozyd9mfO7O5B5/5lfRsfK8Kth9n4A11gETw==
-4 0 eNrtljEOwCAMAxPn/3/uWrEVG1xQhhOTQ4iQLhkReQk1nDP5Nyfla6ihmOOu+RfZfwne7c43dwBTHuTdIGtA8PYU1WjWePXEfP1gH1DsJGz/zvm7/1/TfHEPCPfNehCEgyHwd5r939738AAZpwSE
-4 1 eNrt0jsOACAIREE+97+zraF0URPyignVIqJuZg4AADBMfu6RDTMoPbrO5y9huij1JL97ma+5EHeg3L/jDXDfArcwBCU=
-4 2 eNrt0DEKADAMQlGT3P/OXTtXaBL4wxtVMCQFVsvGjry4225HDvjxpzKzXflanp/wPwAAAPDiACQeBC0=
-4 3 eNrt1LEJADAIAEHF/XfODCGCQq648tvPiEiu1GNbA21Hnw09sOdH00/b8jZfBQB+cQDetwQp
-4 4 eNrt1TEOwCAMA8A4/v+f26ETAwq4ErR4uNGQAQdEBG75wIRsqGcoeQjUvJ2JL+Q5+TbZGO0HizP08pUZKv2s5HPBblD3kjtiZva//5sb5PHx+1fmzU52AXTNBFQ=
-4 5 eNrt1rsOACAIQ1Ee///PLm4uJpAUzR3O2BS2upk5DiHKdvV35JU33Mqtms/H+6s3KLIAgHnbJ8iP3pch/G1Cv3KbA79YgVoEPg==
-4 6 eNrtlTEOADAIAgX//+cu/QEmYsJw40lrSIuqgjkteD3gb2ZvnF3dOwayQwjBCX4UlwPZFPO5cH+I7sQMpsMh2L2p2z6P+w7/Wrp8kweX/gQ/
-4 7 eNrt1TEKACAMQ9GG3P/O7o6mWAp/eGOUIERVlQAAwHpuyPkx7+D+jjM6sh7sDwDb/g6Fu6nh3U2231eH3/2TtztKpwRN
-4 8 eNrtlsEJADAIAw3Zf+fOUBW05R73jBHEqCJCAACXuKj1w/4d/QP8kgMuarM1vGCXu/VOZqAbZzE1BxX9p+7JC37b/AG2/aQays/qLczqDnz2BG0=
-4 9 eNrt1jsOACAIREE+97+zjZWFIRJF4yumXNCKVRHRQta9nNfEDBtU/AEAgFv55qwt5me31wO7Z7ffAzMi+Uz/yLz/dIepztOb/+n8qzPo6rhJAysWBEo=
-5 -1 eNrt1jEOACAIQ1Go97+ziyewTWD4wxurgDFBVdUGBfLuGfCcx81PnnGWzMCtIX3/9P9UqIbJfAdm0At6AAAA2LZnObuignkN5BP9/7zBBYHqBEI=
-5 -2 eNrt1DEOACAIA0Cg//+zqw4uQEBihxsrmlRURJSIiGgIPJBHMIum2dEzsu7QMZv+YRtPvzx5BPO3/WCF/0sbd8OkXlX3MiNvifmOt2swS6cF8jcEWA==
-5 -3 eNrtljEOACAIA6H8/8+ujiZUEe1w44USGOpm5uJrMJHxsxkYO1Rm2HGXCp/1D2j+k0IIsUIQ/Ei6DD8OZ/dLZlf5QnTpdkh0KxTOZnVCPNgrBzhuBFQ=
-5 -4 eNrtlDEOADAIArX+/8/dOzWVhJrccHEClYGMiGywjvnq4dSrbnBk6P59cu7K/PIDD9BQTW19sN95g0Kv8gCY1jtl7p4a2n0AAHDPBppOBD4=
-5 -5 eNrt1MsNACAIA1Da/Yd2Aw/SpER6eMfiBwVVhYiIiM/RXIOi/EudTla1f4jyvNRlY31FfzDgftx/ZNM8wIB54Mw7z7/tvUYoHQzrBCY=
-5 -6 eNrt1CEOACAMBMFe+f+fMQg8hAO6YuSmScUpIoQScnD0uaGXoQWACtpkpX/19un2hr8B8O+uo9Wm3Wim7ZN5e3/QAcBvBEI=
-5 -7 eNrt0rEJADAMA0HZ2n/nLJAiYCWk+OLKNwhckgpXOdD7g96P20Sf2s8fAwAAADjRoRs9bHf9Au2HBCk=
-5 -8 eNrt1MEJADAIQ9FI9t/ZUyewEFv+4R2DqGhJKgBPcSh78j/Xd3g3k/6m2QrVvjV77P05ybv3gr8DAMAWDUrmBDs=
-5 -9 eNrt1bENADAMAkFg/6EzQgpHsq18cSWifEsygG+luO3ee/E/AGBmE1NoyosuZvm+q8sA7g7LbAQc
-5 0 eNrt1MEJADAIQ1GN++/cSzcwkBb+4R2DLRi7qhoAAERomZVhvpZZR16B/4v9wyN9dPTA8XaFbtEmPzc7wflDd/CRA+/IBCs=
-5 1 eNrt1jEOAEAIAkHg/4+2v1YTvWSLKYl0aEkGAOCRZnYin0bvzQ4T9wEA7OzFnc6BvBd/lN8Vr+AEHA==
-5 2 eNrt1yEOACAMQ9GN3f/OICYIkpIAyxcvqFYhOjczHyL59O5S86c6AKCyltR8u5T3Inn+IoBXxed5tSOWG0fp4Kapt39+3V/q/uiPxwQ4
-5 3 eNrtkzEKwDAMA23l/3/u0qyBVII25YbbfFiD1FXVG2jzfjJuVw9d13eyp/I7v12/AQAAAH6CAr4+4OvF//SIbaS7pUC33X2kM/ShG135FwfaBDw=
-5 4 eNrt1LEKACAIAFG1///nppaGsiSMuuEtwSURqCKiuFpJ7Esn0vOXAF7fs957bLJrbbNXZ2uTnb06v53ttqvzR++yhD4y1/MvJ1sAwF8qvdoESg==
-5 5 eNrt1iESADAIA8EA//9zLRraScWJlQc2IamaGJh2AP6Tiy4X/fbGzf+uHgAAAN4dXIa278h6vIMPPdcEJA==
-5 6 eNrtlzEOwCAMA2P3/3/uQiVmLlIk6uHGszMgIKoqHfAsNOR/GYb9hhnE1+Yb+IJ0ZIQQ/ocbfAOH+Ab376lLe9X45uT8hhBCuOE/4YFuN809tUO+jpoEPw==
-5 7 eNrtlzEKADAIAzX+/89dS1cDqZLhxiMicTAjIhuA4GN4PoQ77GYbY8xmiuCXwL39Evk/7JA1g5l5A7mgv+6uMRog/hNB9NGc+/UPDjoESQ==
-5 8 eNrtljEKwDAMA23p/3/uHgqGRKCGajhwBjnBHi5dVR1+Ac09KMrTlG/z/RTucQXDecripd55gyJ/OgeIZhhCCF9yv8JdNLub4iwO/z0q58DgTJU3Qwj38QBnOQRf
-5 9 eNrt07EJAEAIA0CD++/8Swg+csWVIRYmVRUAAOCUXsz3UP/2DdjD5D/mg009WTAEHw==
-6 -1 eNrt1LsNADAIQ0HA+++cHcARSvSKK82ncUZEAgDwIRnyejCv4W4NZ8jwO+6rYbZMMzbud/xQhhsA+mSWL2MXbPVYd0Z37wF6zwQ7
-6 -2 eNrt0jEKACEMRNFkvP+dLbaxEUIcENZfvCrMqMGMiMSvyZDVQV6GO+jS+50dAIA3jcVuVu2odGbxHEe+m+3usJvlHwLAZwKpjwQ3
-6 -3 eNrt0SEOADAIQ9EC97/zzBQSlrAtX7ygWkRNkgEAAACfiHSrHdHo6OZzD7vexbeJvB/874/nuxtO5qcsnPAEKQ==
-6 -4 eNrt1DEKwDAMQ1HLvv+dOxUyBRoZXNo/vFHITsCKCG3UQg+VmXf70+y+82nkT7Nr/iv9ziyn+2TjHjnwhh1/2TmDAMBUg/fsLXkN3nNuOQD82wXwiQRP
-6 -5 eNrtlkEOACEIA6n9/5/3C2qbFU0PcxwIphBRVQhhATbwKbq7NWjqD1ONv+eH4f3UGbrkMHhvCi/Ns5plJovhwd3ssJ9ddvTknyeEHYbgDcGH6J/uD9F1+LN8jLgEhA==
-6 -6 eNrt1rEOABAMRdHW+/9/thhJiIaoO5xB4tYiwc3MgUXabBVwvg61vf2zM7TZj2as9r21Lt6BiB7/Ks2rvSfogdf+DhFni/cOQAIVSr0ETg==
-6 -7 eNrt1rEKACAIRVHl/f8/t0aQEGY23OEMgSbR4HMz84mW8wkl+7N3vJ6vRH9UVz1fQV2m/+TtfuGfHACAQl155EYWUtOO/WHHkxEAYG8AETwEVQ==
-6 -8 eNrt1SsOADAIREE+979zfUWXhoSKPjFyCWDWzcwBABiW5FszXu8PAPhbNLomBvIpulbNOOUrWdW1Nzd0/r/nF8YsBDk=
-6 -9 eNrt1bENADAIBDEQ+++cIRIJEVy4vIbiyYhIoE1dti/6Gt533R9g4+/5pbf/wEYHuv8EKw==
-6 0 eNrtlUEKADAIwzT/f/TeMFZWhR5yLArS2FXV4QoEeUx5zPszYP8QQrysdBNCLzrmb78fxvkYfyKD8nFQ2OweVX957CCfO6zqMeb/He45A/oERQ==
-6 1 eNrt1LEKACAIRVHN///n1ggqUSGHO5xFeAqRqojoYmxedb3kPfVTXi89vPmobB4AALxZMluRt4/z+QNA3xsT3XMrvC/RHhXzo2/IbetvAj9KBEs=
-6 2 eNrt0skNADAIA0GD++85TViCJPuYp8VZkgqr9FA2VX+i/w7M3txj1U2TOwQA4GcO5H1p3qH5+SO84gBGEwQn
-6 3 eNrt0rERACAMQtGE/Yd2AjVK7tL84lWKUpARkQAAAACO1JDXYAcN5ndZGflKH13u3d6onP/+nWa3NLt3bRLeBl62r4YOC4jIBC0=
-6 4 eNrt1TEKACEMRNFMcv8721jY7UoiEfzFAwvHAZuRmWmDL5TI+s/7X+eqruo3vOCvlMwCN4opk42G7mx/FPWrMQ8AeGOnu7fmlr3v/kd2GycMJAUEUA==
-6 5 eNrt1rEKACAIRVH1/f8/tzS4BSJYcYczPhMU0s3MPxbDNSKZyvvg+x0ziKYa03sEAMCt9HBeDf+1turNodRHRw/VfHCzADhYpB8EMA==
-6 6 eNrtljkOACAMw3r8/88sDMwkAiQ8eHQAVRXJiEgAgIWeqL6So2S04Q35gA9/UKJ7yy/j+bs5jjucmnGJ83b4rlmxt6D+c66O8ELPueHTMUBhAHnWBFY=
-6 7 eNrtlDEOACAIxCD3/z+7GwcFlMEOjYs1JwnnZubwBSrylfBV4Hf+P5pBRfm7ZlcxP4Cb3fZqt7Q4T/35voIZsu7sq7HXs2/QbQAAAHsMPgQEaw==
-6 8 eNrt1jkOACEMQ9HYuf+dqaZkEURYaFy88gMKBSAiYNaRovbr80LPQTtbgws9NnoU9VjsuTnjk9bMzN5/Y1N0hiyagbI3LYraqv1ZsL/6/6e+g79q5zYEUA==
-6 9 eNrtlLERADEIwzDef+dvsgG+PL64UKkGEKgqmMFDD30a+hT5PZz/1EcIj+L6exT9pv1w6864pFUsaP3PfwHhLtKFDy3w29zPHYTNfEM0BGw=
-7 -1 eNrt1isOACAMBNF+7n9nLEHSTbZixAtqUgimGREJAFijnvOnL8EdStCXsVf9g2s+9upB14M+Rb3r/QDAfufZze696gARAwQm
-7 -2 eNrtljEOADAIArX8/89du0OCpgw3IklVbFdVDwCL9Yi/tXdhNiBndLMe4j3JroRfM8R9Y9gcgOjOu3LwfccJWQzjXyk5zHGMeoX3Ieqw+l7ur+pD4LkknAR+
-7 -3 eNrt0yESACAMA8Em/f+fMQgcMwQUJ1YeMVRVJQAAgI0O2w7eSHtd6AFu/N19Jb1n62Dbi5N9B/sK+xvb/P9/DPE8BC4=
-7 -4 eNrt0zsOACAIREE+97+zLbFkjWjyiulYUYJuZg4AAIC2KKbOmOzfye718eF7T+wM/+cNKWRS6FkpeRfvcHNumLUA6PgENQ==
-7 -5 eNrtljsKACEMBfO5/51tLWRx86IgTDGdkxgCPt3MfCInvIDq+6afolv1v+bbdStz/T1zwn2ZEN0QanT68WD/jh101gAAIOPW73y1b4j3VvPt9uwp+Ku/INkKADcZdSQEXg==
-7 -6 eNrtzzkOACAMA0E7+f+faWkRSAaxxZSbw5L8qQ71PfHmjNTvAAAAWFPBvsL7T/X18P3ADQYmZwQb
-7 -7 eNrt1bERACAIQ1Eg++9s5QRwwOkvXhlzUIibmQN4ipJZJd5Qst8Luivm7947AGy7Ixq+I/ypwJ9iKHvzMdjdkT2iMwQy
-7 -8 eNrtljsOACAIQ7Hc/86uxsVEGqumwxsfnw6EFhHNGGM+BAQfBB8EH6IdTuQ8z4kHs155WcgxBz83ZsuphtJX1aj0Zvm+yca8/xewfguVD7Fv7qADh9YEUQ==
-7 -9 eNrt1DEKADAIQ9FI7n/nrh0LGWLhD2+MOGhG0gAAalzKpjN8SfMO9jY3BDz9yYZfTfuu3ZcA8LsDldcEMw==
-7 0 eNrtlTEOACEMw9rm/39muoWRRpSTPHh06IDkjIgEAACAMWrI/fw62KmG67od4C/I4OnAleF9bVs33NxuV8Pl/73Xre5Gtz1p6pej3RP9XwPnBD4=
-7 1 eNrt0zsOACAIREFc7n9nGwsLG1kSY/KKKfkEsiMiBgAAGxl1apgto87dvdJDTfNf/Aw1ubg9nP+mmak0cpkXN1BjvQr31+GG1f+RUwC/m8B/BEE=
-7 2 eNrtlzESACAIw6D8/88+ooDemSEbEeEcakZEwjpq8GW6utS/cwc/vp0y3TLO6PKzYYa8eAcAAAAgY7+Y8Z0aDc+3+X+oIX/a3ci6B/k7BEE=
-7 3 eNrt1DEOACAIBEFO/v9nGwu1hUBCtphyI4U5mZkAAA8/Im1G74Wtvsb5BxhgXar76NtqvD3rBgDzN1aNG9O5sUrc2Mp+A8QbBDo=
-7 4 eNrt1DsKACAMRMF87n9nGyvBYEhQkFdMuasgroqI4ks+3eqwac12dZzmu+6fydsmr8XzNZm1wlu/ygLZvxLtVLXDH+2tN202AABAZAB2AQRK
-7 5 eNrt0SEOACAMBMG2/380QaCQkJwZMXLTS9pV1QBcJtSefkK30/t/b5iHPT/7Dv4TAGBb58gEFw==
-7 6 eNrt1jsKACEMRdHEt/89T+OADKSIxEnhLQ5W118hupk5AATGHDVV9Er2Y+mV3EvUZ9rvGbJ9xf3/3VbOAUR23xXfeEtO7EGNvQrX77x/ALjtT931J3z7Bx7RBFk=
-7 7 eNrt07ERADAIAzFz7L8zQ1AkuahQ+RWmkhTAY3rZnu7dkBt+qPW2AMBXBjKPBCE=
-7 8 eNrt1rsNADAIQ0GC9985G0QRkJ/yiisNlmhoZtYAfEvJrBJzNZihiRlV+yO7o7123AUATvKCvF+Q90f7V9wAwLo/ryKf6d8BCboEPg==
-7 9 eNrtljsOADAIQkXvf+eu7tLSRIY3Aom/iIiAMUZKNSZ6RX6R8iGuAcvDGBBnUb2XqvwieWyfwyR65EDfea0HUX+jDyX+G37YcYhunO+E2coBzWkEgA==
-8 -1 eNrt0zEKACAMQ9GW3P/ODm6iYMVWkD88nKIWo5uZAwAAPKJhjWZ1mJ3tE7nvjWx0fi3Oz5gzMkNFtqqH2f3Z7fOL/6CP3xdA1wCRTwRD
-8 -2 eNrt1iEOwDAMQ9G4vv+dSwoGNtBkUlbtgwddJ0VRROjCixLcmK92d++ujexdjxM91Tfc8M8AAACn8gv5P97pX8iL+/U4Y6nmRzLbPcNT/wTOkQRs
-8 -3 eNrtlkESADAEA5H//7lP6KFRMpPDHkMYg4yINEYECOsxqAepdkZ+1R6yPXTPYj3OcV1idGlZuRl6xfqN2bQ7sWRnTnoA4X6yfhhjTA9FilGfPBzTRQRx
-8 -4 eNrt1ssKACAIRFEf///P0TYEkYwQ7uLsmtGNkIqIAgDGsI95u+iwQ/bek44s60FHZfaLfIU39nA3AAD+MLPnd+y/LbQnBDc=
-8 -5 eNrt0DkOACAMA8Ec//8zLb2NImCLKRcrZEQkAAAAjunBvjdq32Lbwn4a/mD6DfynDH0JXRm267LbHdsvWxMjBDY=
-8 -6 eNrtzTEKADAIBEEv/v/PaUOaQBTOYovB6lZFhPC0GvbORtd/5x4AAMyV5kYeNz/3t2pDhYZM+64GgJk2VrMEMg==
-8 -7 eNrt0iEOADAIBMED/v/nGkR1r2kRK0ZuyCWEpACATTWnrc/33f38AQBgmmwnndvnpf719gn3gUkWQ0cEKA==
-8 -8 eNrtlTESACEIA0n8/59tLBzLwOidpthygUEERASMMcaYS2gTqk/Bn/NSzL/GUHwMl2IMLDEyLpNvyYtmMjvPu91s7RV1Z/9QO7A/UNBzs39P8AM+f9qDyntz8m69RAdMhgRd
-8 -9 eNrt0jkOwCAMBVGbf/87hwIpFVG8JDRTvHJkwLiZOQBMo9ie6rtmj5+6znPzb/GWlmiT6bVpo72KfaZ9ukPXeyvxBp2zFdh7tNdHd/LCLgAAtwsGdQRl
-8 0 eNrtlTEOQCEIQym9/51dHP+iJQHzO7yxKZrwQETggNzgkqp8NvWjIG/MVLJ5L7vyGOAV1S0smIFilgX9bOqfkn/5DSjIm7eg6EoKrqd4Jyi6nqLfT/dN+bv8mIHeV2N+ywJw3QRm
-8 1 eNrt0TEKADAIxVAl979z99KlInZohreaD2ZE5DCabvBww22fhj5bm8Jeiv1Tk8F/dd2QJEmSpF8txpYEMQ==
-8 2 eNrt0jkOwCAMRFGPuf+d01BEdMgTHKFfvHKMFxQRAvC5fKnms+H9tU5XXhv5NN6tc1fZlJfhz+ngvfFPY6pkx+Gso3dHD475VZwBAHCXB39OBEc=
-8 3 eNrtlLERACAMAhPYf2cX0MLA2Ujx5UuCnl1VHUL4BpjOwCALF+4p68aHcd9pdxB757A3blwMsim6FHen6Q5DCMEBxf+sRZ+P53bmO+Zn3mAIMguDBgRP
-8 4 eNrtlkEKADEIAzX5/59736OKZiGHoaexJUhJRkSaVfg5qzP+7nsXDAR8HPrdGdv5KWR15Vbfj6afg343O/jPMkayU3Kol1bvnuiTFMjgKge6G5tlHp4GBFQ=
-8 5 eNpjZGBgYBzimAmKB0I/Exqm1Axy9FIzDJiGQXoYyDTHRIVwxifPRKQ8LewmZMZA5gPG0fQ7ikfxKCaj7qS3fqZB1GYZLadH8SgexaN4ZGIAytYEPg==
-8 6 eNrtljkSACAIAyH8/8829h7RUTTFlgn3DG5mLgRBVFiPU/GD8GhpUZntQa8+GnoQPRyp4SbYvEF4ILk+89xfY8UMcfCOXHskhNj0e2bXxwW/9+85rKghIwVseQRn
-8 7 eNrt1TEOACAIBEHw/v9nW3tJDnSLKVdMTDAjIgEAeJzMZ6hgthrcYdKbr8t2Gdqzd83Pgv6XvdBhr7h68a8AI20sDwQs
-8 8 eNrt0sEJADAIBEE9++85n3TgoQnsY56LHJgRkQDwABlaNXoZ+q39wK/q6rS1dN/V8wcAgCkHCSsEHg==
-8 9 eNrt0sENADAIQlGV/XfuEJJo2394R4wJZEQkYKAH8mpmxQ7W9uToSAt2ws6Af9Rw3v1DNW6UIX97FwDgcABbdgQ5
-9 -1 eNrt0jEOACAIQ1Fa739nN+PCIBgX//DGAgEUEQIAAACwjM2LvJO8DvJuzO6kRqW/Cnu7ke/c2/w8PjEBxqAEKw==
-9 -2 eNrt0SsOACAMBNF+7n9nfB2wpYIRL6hhQ3AzcwAAgM9EOXfbOGzrdgje8KoDuqSoz8s7cqBVbU/tK/8P/Rap6AQr
-9 -3 eNrtlTEKADEMw2Ln/3/uettBHUgHDRplDAlYVSUA+MWh6yCjQ99hh9RP+38zbt0O799L7lR/AGDDpjK8sIMa3DEt+fwhALzAAQJ6BDQ=
-9 -4 eNrt1DkOACAMA8Ec//8zDRUlWBiJLUZU4YhiMiISAIDLall36ktUX4bzU3R/ZgmKHLpmUJE/1x+QZBAf6clVf7pHP/D+V/o/AAwHBDs=
-9 -5 eNrtljsOACAIQxHuf2dXJx3a+IlveBNpBIpoi4gG31L0AACAfb/Qjaj62qhX8na8k3WJ52oNLu/HWG7Qz2p36FP0PwVfkp325L+5TPfxxNnOHjBLZ+lYJgRk
-9 -6 eNrt1TEKADAIQ1HN/Q/t3q0aWkr/8MYoiGhGRALA4zTMqVlDg95rDR3OOubnygPAr3+rc8Nluv83/48jzx4B+wrwBAQg
-9 -7 eNrtkjEOwDAMAjH+/5+7dmgWQ2VVZbgtQCApABV+Dw1a1YOiloYNtu7g6LCt/+r/nXbn8O1OZyn0pah/a6825Pdift+Y7KRon/J76FGCvsR8xw4ujxBCCCEAFzaRBFE=
-9 -8 eNrt0jkKACAMBdEs97+zvQiB/KAIUzyshri5mTkAoBTb2umj2ceB0t/cu4st/+5NW71bDvQpnCHFO1DnAwDwowV4BwQp
-9 -9 eNrt1SESACAIRUHk/oe2GGwWRsZxw8YX+IUREQMAPpbL7Xbvs6mvuAEAKn9yd58P96cNJoVcBBY=
-9 0 eNrtlEEOADAEBC3//3MfYVuVzGGOQ4KliNBFyuBXw5vy1XRd8wMAgLekwc9Bv1vjl/65fAfAf3Dedhqy4eqvoWy7fhN3DNs5kF4EQw==
-9 1 eNrt1jEOwCAMBEH7/P8/p01DY18CSFuMqLYALEFGRAIYk6HX5b1r/xq23V6D3n0P+rldncWOWXLN1OnqtVaz77bOPjf1AM76i8jYizcD+MwDnCIESg==
-9 2 eNrt1bENADAIA0H4/YdmCFui+eJKBwoU78ysJEkllN8gyBPsQ5AnzG9xf29Skrpd1frbee5bnmfbUT8OyGQEHQ==
-9 3 eNrt1isOADAIREEW7n/n2poqmpJNnxjJJwSxigjhOzXYozZq9piarwv784cAgJNs1KV5/cTd3POZe64q8hHwzALrmwQ5
-9 4 eNrtlTsOwCAMQ/O5/527gIRYqBJDquLhLUgmPxNURJQQQsjvscZ45gG9BbSI+OM9XXsyfwXrkXOM9O8rHqyov0pvm+fnC2++ie9Bb2fe9Bzbk1pEDqdrJ6Rin1fvU9ROvfE/zfAAWhYEWg==
-9 5 eNrt0zsOACAIBFGQ+9/ZxooSiPiZ4sVqNBarIqIAADzC3BnprbH3/xhL5I5Me8rbt7/f1WuyxX8691K9mdHQV2yOzWKHCZSPBDs=
-9 6 eNrt0zsOACAIREE+97+zjbY2kGzQV0y5ogJuZi6WWyWb4vqT3w8AAHAT4vw5I4pZRT4a63vhDi/MUHycn9q7jj9T7f2rfV84YgRE
-9 7 eNrt0rENADAIA0Hw/kNnhEgJEs0VV4JcfFdVw0U+bzP0Y2N/L2/X0tyPyRaz2HI0CQDAgwM+pwQa
-9 8 eNrt0bsRACAIBFE+/fdsYgVyM6Bu8MIFRt3MHPhcbpW+2mbh7mzqFW/nA3rVDADA/ULQR1Ov2n06J0Q3dP4f8LoFDSoENQ==
-9 9 eNrt11EKACAIA1Dd7n/nOkMJM9vH+9REhBEiAlsewuf1Zq+guAcLZqB4BjbZgfoOpoOo9jaTMOD9dCabmZX8bZQ94BxobQFVOgQ7
0 -1 eNrt1rEOADAEBFDc//9zVzMSyg1vpFGRnIqIOnA0IFuvyVoiuskO19uC+at6ENE8GNAjm0uj2RaF2XhStsaQnfz6nxve77qpTfN37f8BNIIEZg==
0 -2 eNrt1isOACAMBNGyvf+dUTgw3SYVjHhy+ARRVkQsAPiAGnqZ7WQ/efeOMwAAZqXZpjFHsrCGLm0WZ99pZe4vY+5X+urbyZzbGv6z4W0DPLMERA==
0 -3 eNrt0zEOACAIBEHY/z/a3lgQsNItpjzCkZARkdJjGGYZZmnuxkF1xp6h0a/ancHtGdyYS3l/RJIkST9am78EIQ==
0 -4 eNrt1zEOACAIQ9FS739nV/eixOQPb6wQZKEkFa5xmEvyHsondTtmBwAA/rIOE/n0ja7+k947/oBdBOZuPj+62TZfowQ0
0 -5 eNrtlTEKADAIxPT8/5+7dOym9FrIEHCJCoKXEZHwLdq4fQ34Ms0/1d1et2+hB3zn3vwC+JlqetWcXQY3B3YHAACy09VjKgMdGbwAL7oEQA==
0 -6 eNrt0rsNAAAIQkHF/Xd2CEmweMWV+ItdVQ0AAF6QKa9DLZnyH+7QoR3S/QG3OWYd+QnM7pqfH8IXC9E4BCU=
0 -7 eNrt0jEKACEMRNGMc/87b7PFVipJCnF/8bAIn0BQEaELuNh29C7smM29OV+1Tt7PhRv5kv8F/MV46fNm+pHsdUCvhh4AAOBED1iVBEA=
0 -8 eNrt0zEKACAMQ9G2uf+dXdwVI1TkD29MWgrNiEgAALBURq6MvNvRPd+9H/ZocjvysEfmDjI7dOkG4EdezKs5n/zWNwZnbwRF
0 -9 eNrtljEKADAIA43+/89dS8dqjYUMR6dYBPGEmUGIYvx4b2t4ooYn/0dhD5oJId4RGz/mMSCPAXm5sc+LTK8x8y4vi+bdxtztMcQtk+8GZp7Z/wI4JgRY
0 0 eNrt0zEKADAIBEFP///n9HZRIQa2mHKRK5SZKYlEF6rdRB+D9wUAAAAs4w97b/Te7PV5v2U/P4QDQ6IENA==
0 1 eNrt1TEOACAIA0Cw//+ziy+wjUjocGPBgdiMiDQzEwCZxeUMJquawe5PQb77HawDj7OqGT+8ofoGUfyPmE3sXbY/U9S/aNq9ZtNsttoEWQ==
0 2 eNrt1zEOACAIA0Cg//+zi4OjiU0q2uHGUgZNNCMiiTCpZrD61XkI+1kzzMx+UYR8Ne1X727/nbk1X03zL90d1rsXh1mIdrjl/2G2awB2HgRP
0 3 eNrt1rEJADAIRFH19t85TRYQBWP4xSsvigTRzcyRFkPZrjc68ptnEE3/QFc1r6H6/kB9YOMe/2WPAgCwmRqyKt7wGu4/6wDc5wQ3
0 4 eNrt17EJAEAIBEFl++/5mxDuxQ0mlEM00K6qVgzL81ne/+W9S84umc9APu6+JEnSN38JQ7cxB+ofqecEPQ==
0 5 eNrt1EEKACAIRFF17n/n9i2C1IrgLx6txkI0NzMHAABHaDoreSXqKJnVQia70wMV3l3pVWeNrvvZoX9E43+RnZdoyMejWWXegTsGqQ4EYQ==
0 6 eNrt1TEOACAIA0As//+ziy+wNdXY4cYCURJGVY2PtLkGm20y+2r/Fv5fRJyFha3B9IZxfojeD2QWF96C3TyIW6raB5j3EcZ9dOYjIkJrAilFBE4=
0 7 eNrt0SEOADAIQ1Ha+x8aPzEBTSb2xQuKlgRVlQB8wcecZniY4eV+ol/hfod+sv3HqxsS/QplAAAA4K4BN18EGw==
0 8 eNrtlbESACAIQlX+/59b26ODOoY3YoqmXVUdQgifAYIeB3FO9U14X+lf8JxtkHr78nxBnH/+Foch6MdAPyK9a08Znryag7p+B//3HQnRjofBnb19Jxb/iwRa
0 9 eNrt1bsNACAMQ8F89t+ZCgYgkRzEK650RAQybmYO4AhRduejmK3OuN0jxPt33YFKirNZyOeA8//aOV1vfkp3KXojmmbwfwIAXrAA57MEMA==
1 -1 eNrt0jEKACAMQ9HG3P/Ogji6paDgH96YEkJVVQIAAIu3JN/R4Vb/9IabNnS4nfllAAcjzP6c1wN55CYhKwQq
1 -2 eNrt1DESABAMBdF87n9njSItySBji1euUITMTE6ftCHS+j7jDrd6BVvgJy/sGruO6ppzuo/OzjoDwNrOVe4rv5+/Di8YyeIEPA==
1 -3 eNrt0jEOACAIBEHg/v9ne0tBDbrFlEsCwc3MAQAAGoqCPhbnZNq5j4Ptjh34xV5U0OuBXhfv93ufvb8+/t+sAQtLBEk=
1 -4 eNrt1jEOACAMQtGW+x/a1V1T0PzhjSSmDNJV1Y9QQF6G7J7XcPbW+129JXTu7t19QwAA2rhBTv9C5wZL2nDsAeAPC91XBC0=
1 -5 eNrtljEOACAIA4H+/88uDsYBFViIHS5OJQpFUBFRQj4Ay4mgficTQxN61rOf77Ix0FxflUM0ziUK/cDeIoSQ+nmN4D97ux/aJLIj2kHvzZkbrXeHF733ZgvUxejNcgYPeQRs
1 -6 eNrtl0EOwCAIBJH9/5+9Nk0vDSO0yR7mOCwqmrgiYpmjZMG70uU+1eh0ib2jfGOMMX1oyKXyBeSr4KmYq6G1T+ebf74VkzNH3vmv/DuoGgn2QPUhwH973gnMWt58Kn8DRsoEcw==
1 -7 eNrtlTEKACAMA1P6/z+7OooNJNAMN0ahXmMBqBDCSpqU70H+5jfvMIPpGYwZKt9AdT/DAwcHgkcfql128HnjTrj8ZaoeZrqncjc9HMI7B9ddBH0=
1 -8 eNrt1jEKACAMQ9Gm9z+0i5O42AaK8Ic3pgQXo4jQRW56kAcVuPIq3nDk1eyv5huomXXdcHQAAMD1nzm2yfS+yeH+bAoA+NsC8c8ELA==
1 -9 eNrtlDEOACAIA6H8/88uDk4ahEQkHW68QoCgIqKEEJIIEnwsOXBk4uAjUB9Of5d5M8OoT8hvfwQP/Uo9VPzVHWarRfZT+UYIycQmL3xrUj9jDwPgTwRL
1 0 eNrt1bEKACAIRVHt/f8/tzQ0BIFJOtzhjDfQwdzMHC2Nwn5sKvrf82uJ9Kc20iswox573zp9bm/7AwDE73LVG0roPeFfU5NdAkA3E8p+BEM=
1 1 eNrt0qEOACAIRVGE//9nDQaLcxMUN284wYA+gSIiBWi089RHZNjN7cmvj/wf5/v9wqwzd1WD8v++f5ZUbwNPbeT7tnnH7HyzJ9EZsvcKAICVCr+SBEw=
1 2 eNrtlTEOwDAMAk34/5+7dqkS1bR4YLgRQ6Rgo6oQwhDY1Cr0NPs7sodZrBsOvTKD059Nf2720lPneKDd9fak0x0tXs7+YxcqZ2DAjBBC6NwihxaCGwyzvyv/Er7/q391Ad8hBHE=
1 3 eNrt0bENACAIBVHA/Xe2cQHhCk2ueOXxTcyIyEvVaIiW2i9gv4Zt9wbRU/8gSZL0u3VM2gXsT24R70igl/S+DZC/BC4=
1 4 eNrt00EKACEMQ9FmvP+d3chsRSKkwl+8ZZoKVVUl/D4zm8q73TferyY7ADtjcWck+xXcH/3u+eVbdmZ06U/l+csAgFMTGd4EOQ==
1 5 eNrt1zEWADAEA1Dk/nfu4gZS9DXDH4PJw83MP4NUrTGRZcyP4RkY/UVERORfIN0iGLzlXr5lb4jUlY1i3yjOzK5RyU9ku/aEL/m7sOjvOhAaBFQ=
1 6 eNrtljEKADAIxPT8/5+7lm5VQWgzZIyn4HBuZg4A8Bka9DXkR0N+JO+PDRX92/zTze7vx4wJHwAA/ugoKngdHaOaP7V/V8fTw/+1AOBjBEA=
1 7 eNrtljEOwCAMA4Pz/z936QwU00aoN9x4NiIgaBHRAAA+RDduBn7N/u+Y32nky77MDE24ac60lzHrj/p3nEsV+X+9GwAAFW9qGv+lp74W1y+zv+c7/Rei9wRI
1 8 eNrt0bENADAIBLEn7L9zhoAiily4PASikhQAkDPozgO9HwLwu17oezCnhzts9JP7L3RoBBw=
1 9 eNrtkkEOgCAMBMvu///s1QMVtEbUzGEuTYZdCi0i2kdw0fUN+X6B74X5K/f/F3p7UOEfqOAr8bMzlfg9N5t71+MoZ9Rrpv/oXprocOWtdHIOAAAAAPAEG770BGA=
10 -1 eNrt1LENADAIA0Ec9t85TTYwCiT64sqXEIUVEcLz8nD7vNxW3a+CHr2W0S2j14De/QH+23N3x7OxZ8cBAJhrA2sCBDg=
10 -2 eNrt1sEJADAIQ9GY/YfuDm1Apf/wjhZEGyxJBXzAzW84VO/G/gGQo7c55FCOTah/yWCHZsA+YsP9kfyzXnj7ARMdNycEKg==
10 -3 eNrtlkEKADEIA435/5972eNSdqsQoTnMcRotgiIiYMwgWHR5+AZfOHUVvRtjesiHiq/K76hdlT0hf+o8QjwPKfK/9M/N/syfO7xyd0DgU3gzdeRD+HfG3MwC04oEWw==
10 -4 eNrt0yEOAEAIA8GS/v/P589CIJAVI9eQEpICAACs4IHen662up+8+6X9Odl64Q+wBQBXPH6XBDU=
10 -5 eNrtljsKACEMBfO5/523WLYRG/PCqjDFdJkXCRjiZuYAcBy5yf382/srGSlmdL1/x+wB2KcvIfzLEP0xI4v9Q9gps4yq6w3z/8sFgJ77qZK/4o91q3tyVqv6t9xrD+JGBHc=
10 -6 eNrt1aENADAIRUEI++/cCapo8itOnASCel1VTdwsZye849X91P8A8FPfN20bXQXg4gAXTgQx
10 -7 eNrtlMEJADAIAzXuv3NnKFFiSx7365EIJRkReQEu30/4eDQbZAeQd7D3G2N2gsZ9A+mC7A/RtnkfjTFGSy3wS+D+4qcwf6JXx3/o8Gsg/wC2IwRU
10 -8 eNrt1yESACAIRFHQ+9/ZQrDpILqGH15iliFQ1s3ME1o4yWbz8x5FtnIHAL0eXmcr8+ob+CMAwM/9YZXdmd/sJcpeo7690cWeGsEjBDU=
10 -9 eNrt0SsOADAIBFHI3P/O9ZV80ooRT7IbICMipUf4YJ5GFlcOxX6KGQzt0b0lA7+QJEmStOsAQQ4ELQ==
10 0 eNrtljEKADAIA43+/89dfEGTVloy3HgEBEMQETDbZMP6KfBzwFfcAB/4Rk81u16Rua/mg3RBusac7ATWLUEnTf7ldLa7wZg/OhGCrQPh3vFWucsClkEEbQ==
10 1 eNrt0bERACAIQ1Ei++9s4wZygPKLV+YIIDMTAGCsdWRno2bfzldhXsX9s7tG5Dt0eOFXwGR+TM97wB0r/6BPduhmAywPBD0=
10 2 eNrt0LEJADAMA0HZ3n/nNFkgqBAOX1z5CFSSCgAArNSX27fZdng/9R8A4M180E+wdx2nYAQg
10 3 eNrt17ENADAIA0Ew+++cIbDkCH1x5dOkibuq+igt21SvRa9l77ih8NsBAAAAV/aMY5Mkb8jwt9eH22IM/QT6BzSDBCk=
10 4 eNrt0ysOADAIREE+979zTQWphKak5ImRuwhARUQBYCAPqh1d8/VSB/68366b6cjb5snfiXkt5q3Ykd2fHR2v87GHHwSAmRZnlgRJ
10 5 eNrt0jkOADAIA0GO//85bXobkUhbTGkwEhkRCXyuL2q+hfwLNzg6KHn+EU61mC1hhmP3Rm9HhzTsBwAAMw48igQx
10 6 eNrt0sEJADAMQtEk7r9zL91AIaX8wzsaRNJV1ctkZmXcSOY3OsjcL7F/I2ouJ5/osNl/Hthv+EUAAAB85gC2igQx
10 7 eNrtlzEOACAIAyn+/8+uxsRBaawmHW48iAoYEBFY0AawScVl5kcxP4wx35AEPw/jVNw5hur8xhjz09xmzXz1n6Hw5zvMC+/I2AnUfhZ3ildq9rbPqFeWr+6VF+iZ9gRY
10 8 eNrtljEOADAIAhX//+cu/YEkWMtw46nBhYyI/BgQfBB8EHwMuEH1B7Ofuqj87gzW/pcznJC/+gfGGF13A7G3/ernAN+YXNCpOjOq2WsO6KIEXA==
10 9 eNrt0jEKADAIBDDF//+5a8dSBFvIkOlQ8DAjIgEAAD5Vm6kddZmdznfcNtlN+dMnLG+IBCU=
11 -1 eNrt0sEJADAMQlGD++/cISpI2n94RwlBR9IAALCUA3lfZh2479L/r3TZ6sChDbX2BwD4ywF15wQv
11 -2 eNrt0sEJAEAMAkET++/5ijhBAvuYpxEhI2mAg/yZdanfgX4f3j+BbuCaDeS3mE/e4B8AAOh5nZMEIw==
11 -3 eNrt00EKACAIRFFt7n/nbhDBFFr8xVv+FKSMiAQaGkYzzLmV/ev7d+j5PwAA4Ce60GrzXRmt22vRZ+HuVbc80U8hXwQ6
11 -4 eNrtlskNACAMwxqy/87sQKMeIg8/LQLqASICxhTARp+i/Ex4Kp9FuZVvT9e/MXKOwD+fn+86ys1oDtmNaMg/Yb8ao/7nYnEvbJ4FTNzhxbkOhQRv
11 -5 eNrt16EOACAIQEEY///PFoPFpHO4XbjEgPwyIvKBmk7369P/650EAACgVXN26M5b7bqbDXR3BCs=
11 -6 eNrt0LENACAMA8GY7L8zTQoGiHAQX1z5smRFhDBCltvt2adhWw09AAAA8IJVXL2G9O4PfrUBRLcEHw==
11 -7 eNrt1jsKACAMRMF87n9nS1vBxY3wiikTVwyYjIh8oMw9akB9Cs4vU37VGwLYekB9f56fOQIAwLvLuP5zxR5z2qMvsqtyqu64AH3HBD4=
11 -8 eNrtlTESwCAIBOH4/59tLWImoBMsttjCYjkccHQzc4DL0GFfSU/FnjTxdK70UPH1kh2JGqt7x+b8IpGfrfHVjc0dC94pwHX/hpp8HfTVkO+NLjuKz74B/MsAsY4ERw==
11 -9 eNrtlTkOACAIBDn+/2cbK0IjEAm6xcRqFGETmIgYlKDmzPga9NX4sonckfHF4bQPET9Tuzc7Qa4BAOC7Pd7pa4Pr7f/b71f9Yer8vBoq5jE9E9ycCQBeZAESwARx
11 0 eNrtl0EKACAMw+b6/z/7BlmhKjnkGFeGFLaqaoGdNvgdzNDDDOns/EGA99DA08B3vHHL/GQGAPinixXocsf8ZA/KuDuFfMjdHtO768TfQaYEVw==
11 1 eNrt0bEKACAIBUDF///nlvYoQQhuuEmfKGZEJAAAX6utm6/h7O2Matx/6unW83H3qR8DLAyfBC8=
11 2 eNrt0EEKwCAMBdH85P537qYLKUqtStV2Fg9BGEOUmSkRJ93wzF1U9l7oR7zxpPWKPVt2eKPXAj3+Iy5nSx8L9JrQ984u/fusfb4wf0QPAACwowMM7ARR
11 3 eNrtlbENACEMAxPvPzQ94gvsAA9ycR2OlCD5MiLyAVCQxw/yzBwl29+vYsapPzTG3N/FFT20Mw8hP3qLro9n7wTxzsru9oAxxqz3Y4p+YhwB0m+KW5n8l0MZt73sowY/IgRM
11 4 eNrtljsOwDAIQ3G4/527sEcC1NekDG80zsdRLDNT4IGSVLRq8O7wr8wh9Q7fX/Xsh2H4Lyt4W9vpX9EL3v9NOaJnkFns1JNrIKF7kMNdmOzxO302V+sj70oH/1PDfTyWJQRh
11 5 eNrt1jEKACAMQ9Em3v/OruKaUgNmeOOvQh1EVSG+RoOeYsvh8ym2FO9/z1B2xuGds+HNxBuroVVnnKZ7GJyPhj4iIvJv/7Gnwf0dbMkCBEo=
11 6 eNrt08ENACAIBEFO+u/ZjwWYcBE1+5jnipGoiNABY6me0dFW7z9Mfcds1/vBv/ss7j4b/2xuzHf0+rTXBT0AAADeMwGXYgQ1
11 7 eNrt1kEKACAIRFH1/oeudRCUWlL8xVuOSm1GRUQ7G+imWdacc7wzovtX7rmR1eB/ZOzPeD8AAF51ohd58tU9pKpDVN5ODwLwqwbo9wQr
11 8 eNrtzjEKACAMQ9G2uf+dXZycihFE/MOjU5JmROTntNydvMx9GT06+EMCAAAAwGNqcjtu7ZfZ0c0Ol4MEJQ==
11 9 eNrt0bEJADAMA0FZ3n/nLJAiIQal+OLKR2CXpAIAAFsdaie2J/b7g75D90//HwBwzgO9Q/t+3L9pFwYvBCg=
2 -1 eNrtljsOACAIQ6H3P7SLgztoJXnDGwskfEpGRA5Bm4pWDfn1uPY8tBrUL/hvD9x6GfVqzM8cAtS8zBnDXYP7hvNL3J1tt7+mwR/5UQFmsQAIlgQ0
2 -2 eNrt0zESACEIQ1EI97+zzZZWohN3/MUrA+JARkQCmKpPJ1vm/t3509T/htmLGwCeIWNWizXU7L2jjja8Q8b/x3/uzLmrrixwwgBE8gRA
2 -3 eNrt1jsKADAIREE/979zmhQhrQsqvGLKFaOFcTNzAAAEYkANVQ/RkH3z0TwDAHV5VbIT8tnw/r/OpN2o8pt7z6Ybq8gr7vzmf84BL8cESQ==
2 -4 eNrtljsOACAIQ/nc/85uTpioJWqkwxtbDZCmKiJKOg5qHfB4QY/OoBqWcF826RPt1xb+EO3XNj123h/pT86/ek6hGYF6eKL+RsYTQt7NNv2gg93ucOyBhNSgAYYEBHU=
2 -5 eNrt0rENACAMA8EY778zDSyQICLBF1d+5CKKCAHAh8ZS6dXcd28AgBe4qd29E3dcaE/3utybnwXSJgSLBDA=
2 -6 eNrt1zEOwCAMQ9Hg3P/OXZg6JWCKKv3hbdhEmWBExAAacvo66+r4+/2uDgAAbtNGTpt9anZXzumlktfCDCrMr8Uddnbgzjo7gJPv6TT8JfJS/gHLnwRG
2 -7 eNrt1jsKACAMRMF87n9nG0srdyEir5hyTZQIyYhIfKM2NV8P5Gvg/mnqX63PLAMAnNqQ74Gs64wefsOb/kuor+4yObjLufZJ/j1wtgDGFwQ5
2 -8 eNrtljsKADAIQ/3c/85dHdpFxQ/N8KhLImgKMhExAAAsQA0d+oiHXvD0vtURHwCqEEOXR6be4yOPt6r/pFnyAD0n6EFPBiVx/90Ziv7D33Ksi/WadAdH79cDibYEYw==
2 -9 eNrt1zEOACAIBEE4/v9nK0sTDUQotpjODYZK3cwcwBMN6NXY+8f5p7O67JS4e2ZPu4vkniPZdvVR0HtBDwAAMPEvoKZ3/ALi+wQx
2 0 eNrt0zESADAERFFm73/n9OnChuYXr1zGICMiAQAAHmg576glQ17NWbTc/8c+gKkblOEPqvk7p+H/B6oOJ5cEOQ==
2 1 eNrtlUEOwCAIBGH5/5976dFELTZinMMcZxETwM3M4XqU8JTwV2RUqN/6w9lM/dTX6f7XjHjxDf6o2+svEnMbSX/kDVqwd1Rk/3AHAAAA4AYezQYEPg==
2 2 eNrt1MEJADAIBEHd/otOEXeQEPYxz1MUdGdmJUmSpAcQZin0T+pQmoGL+S3sUfrlFxFmCe+YcvYAZ9wEHg==
2 3 eNrt0bERACAIBEHg++/ZyAZ4Bg0u2PBkkIyIbKhmd9uJvpbbqTfc+RM3APAnma3MVmYrY+eJ+S/+zr0bAADAlgNnVgQ2
2 4 eNrt1jEKACAMQ9GW3P/Oji4KlUZE+MPbjERwSEZEAsBlMuTVzOpRf5nezz8CAODPXbPaAmrkT7bF7mz3Dhl2UKWDoz/bahpOxwRF
2 5 eNrt1zsKACAMBNF87n9nLTyBWUgCUzyshqjY6GbmV7z1l6KPxtkd+8Zs+VTarb0L2hTcP+8QAABgxr9F0VdnR7GNhWdXOxmKBDc=
2 6 eNrt1rENADAIA0HA+++cBdJhyRRfXOmAUAp3VTUAGxnyWmYVnp++H/8QwM8ss7N4Y47s4JifuL8jDyT6YKqTuTpRuhfC7wG87wQ6
2 7 eNrtkzsKACAMQ5t4/zs7CU6CplCVDG989hcRETDGGGPM9zTRbYdvDI9ibU7s+sM59dX6io+p9xtyxCIX4u7UvpX7MaGH1RwU91cxU5aPwjy+/h8zdll9B2dgnw61CwRL
2 8 eNrt1TsSACAIQ0HI/Q9tay1gHOcVW/IZCpIRkQAADJGxhzZZ7OGeL+P9AYAMO//dKtbqUm3H7h3Z+UL2/mwByLAEKQ==
2 9 eNrt0bsJADAMQ0Hb2n/nNBkgIEEwvOJK+dtV1cAicznZCfQefgEAzxTIy8wqtIM+zCCzhgJ3BADsdwBxrwQt
3 -1 eNrt00EKACAIRFHN+985gpYtjBEy+Iu3a7TQ3MwcAICEELMV+RDuHcyw3T512an4+A3Zs2NT+p9q3GZf5Kt6u9Bf+SujoAYALBPd/wRC
3 -2 eNrt08ENACAIBEE8++/ZBvTFBdTsY54bINERESNpNvaO2a/P7+wB4ESGXhf0Kr5fiT6zszYqe8f9zrfHHwYA/GgBYPoENQ==
3 -3 eNrtlcEOADAEQ5X//+dddl2WYEzSwztWQwWICAgh5dhgvSXo0ej/Gt1k1NAivTl7sEMe6sjTk2tEe+uh0h8B/4w6mXNAg/6Hm8ofVnvLu3eG+0IImcoC88EEcg==
3 -4 eNrt0kESADAEQ1Hk/nfuIUxbMX/xlsEgIyLxhczz3d7O89+eS+b71YL/3vqfAABgnhqQr0Yd9/yUO7xwANnnBDM=
3 -5 eNrt1MEJADAIBMHz+i86n3RwwSDuY55GhLAlqQAAABr5SuZ/7/fw+/mHANKGJS1L3/CjlnlZSw91gAQY
3 -6 eNrt1TEOACEIRFFG7n/nbbYwxGKFTcTkFy9WA0ihMrMRaEMlu6qRzftL07nLQ52vmWw29lWyvxfu/GcNFZ2eocMOAKC7Dm/1qdn5KwAAt3sAV7gEVQ==
3 -7 eNrt0rENADAIA0ED+++cJhtgkUT54spHLghJAQD4Xm4n+mz0adjuuOPYALykDH017nT72zbwUwAmLDyDBC4=
3 -8 eNrtlcEJAEAIw5Tuv/MNUcHK5ZFnK0jQrqoGAIA4ZGZ1eL7Mjs28AvYPMO3S9XvUy/cMDzPd3nRDRocG/xxe/8cDHNYEVQ==
3 -9 eNrt1cEJACAMQ9G22X9nERygaKGK//DwFIIg0c3MgU/FBflo7PeC/uAdAV/ScprX4/0VeTXcHwB2dqfrz6jc/Y58Zu910K9kfp4DoCMEUw==
3 0 eNrt1rsNADAIQ0E++++cJhMEK06kV1xpQFTOiMhDPcxO8inI31abc4bqBmceAICXtKgTnc5p8Q2O/dB0PDqm7wdFR8YnFvCLBD0=
3 1 eNrtljEOACAIA6H9/59ddHFwgQjGDhenqwkhKW5mLo6gyF0+gi6CLi7/nZWBD3eVk6oMbq8Hc6p8IYQQfXsu2m8s8Jnkd5vlqz2vO0H8zAB15gRJ
3 2 eNrt1kEKwCAMRNEkc/87uy2lUKuBgfoXb6WDSmZhRkQ+qJv8aCUDAADwJ9XwJ3LnO97RlXffgU57unidXW10p0z9c3f3NGrYp4msXtY0kdfmGSvZAfXMBEU=
3 3 eNrtlcEOgDAIQ6H9/3/W8xJjHcMZ08M7vjAWCogInOQk+ICfxhhjzEugcOs67iULHgU/i/5dz+obOnxu9lf171z+Z1eM+wKFuqo/zqBanxcziIe558T/KdlDc364IH/Or9nBAZiOBGY=
3 4 eNrt0zEOACEIRFEc7n9nW7PRgkgyWfOLVw5ChBERAzBTQ17GHtSUl3l+mf6vqwbekIu/5XOTz8u3K3V22cos376zWOOUv90F1x5wjwCA10yFQQRk
3 5 eNrtljsKACAMQ9vm/nd2FQeHRoxghje+Iv1IMiLSbIHQRbMGSD8P+inyjfmBIm6rJhi/+y+qfKZ35m6P1TMu4g1F+t5x80oeZWso86QyC+ORLOwsbVYGlT0Ebg==
3 6 eNrt1MENACAIA0Bs99/ZFUyoVmMf98SqEEZVjYiIiIhDYKpHM9tdv/p2CnrExjls3kGRrcinKV818xDOrCMfon3xKz5cT/Me4AX/t9MES68ETg==
3 7 eNrt1s0KABAQhdG54/3fmY2yoMTUZbqLs/ySnwAzQ1MmsOmmXfU34yNg/NMekoqT2t47oR17J8391/1mrbkHnRfmmYtaQ91bIiL5/kQIeuMYvchrKsMMBF4=
3 8 eNrt1DEKACEQQ9GZ5P53thIshQkOaorPVg9XkGREpHPuqtBkp4fAo8Fj+bJwB37uU+Cd9+v0/qDZq/b3Zv96il1mwVFwNg/+u9L7/Tm33wBiugRU
3 9 eNrt0TEOACAIQ1GK97+zi4N7a4jJH97YAkFVJQAx63DyMjrc+W5H4v7J/Es9lO+LAh3uHhrKJ34AAADwsw3whwQr
4 -1 eNrtzzsKACAMBNGse/8721jYCSaggSleOfkoInQwFl3ItPuMFy0AAOjLBb2b7nfyBhf9AAD4ywT3bAQb
4 -2 eNrtlTEOwDAIA7H5/5+zZOzSYsmo8nDjQYSCQVXhBX3BByauwg8hzFDsrysDFPnRC3LM6XPYm4I/yEEdLvFh9BXzh/kN4T93QVXDeZt6yQw24sw8LurvzP0Qnjh1/QRj
4 -3 eNrtl0EKACEMA5v2/3/e6yIiuA1E2RzmOBVDpIiIwIIawAZfvdmMjg9jTIt80fEh8FPoJ+HuEGbHOP8PFMFn7Mm61GfOcB81+Z3SYXUG7pHfyg3/ohLvPKPnAb/ZBG8=
4 -4 eNrt0LkNAEAIA0Ge/nu+hAJOsgXJBhMuQs6ISAAAAFj0UNpebtW/f/oayrYlto6+lltXn4b9XTcA3Hn9LAQq
4 -5 eNrt1UsKACAIRVG9+190WxAsCruDM1OxD7yMiCygWHeyn8Ycmjuw6RxTsOEt89IMHum/ef/+YUmnM4IhOcOnOSNJmmkB0i8EKQ==
4 -6 eNrt1DEOACAIQ1Eo97+zq7M2ouYPbywESMiIyA9VY42a7ObrcO805RMAcB2ZaujRvEyzq2l21w07esu4/9N3m2dfqaPNHYrfBcBoAHOmBDs=
4 -7 eNrtljEOwCAMAwP3/z9371Jao8YSHm48jEUQjKoahkwDfza4Tv27skMIIYTTWHk7Ef8dPKzxxZ833u5/1UfMV7uHPhBdNuRj4PNjPoLPhu4IM+ByXs536gLpKwRm
4 -8 eNrtlTsOACAMQvu5/51dHNzBYCPDGysRX2NGRBpjzKYPkNkW56Md2IU/3Z84z/CesXeTu7fT73mp/gua0CGj/wLmSpTNyC/wDPX9zV0v/KYYC/O+BGQ=
4 -9 eNrt0ssKACAIRFHN///nNhHuwgdFcBdnOQ1qKiKKzZZsLps/dVugvzqTBd6O7ub2Xfw81X59mAeG83O+YwfZbMcN+IsAAOBnE56xBEY=
4 0 eNrt1qsOACAMQ9F2///RGCxqXYa44shmIdkDSzKAp7o62US+FvLd97uZBbM12VuJ+swGAMzv6K0/kD+4U/QS0g5IhwQk
4 1 eNrt0zEKADAIQ9Fo7n/nrqVb66CFP7wxBgKGpMB4+Wk+Dx03qv23O7jY4cbs7rXb/CsAAAAw0gK8zwQi
4 2 eNrt1TEKADAIQ9HE+x+6Sw9QqBBL//DGoIMYSzIAHKrtJp+en9yhBuS5YwA/dpcH/H6Hu+Pl/gfQYwH/kAQe
4 3 eNrtzysOACAMBNF+7n9nDILgoJsiGPHktFk3MwcAAJjiUbveiMItVX+7PQTbu1sA/8piq+izud37fLTfBf9PmwGwGAQ1
4 4 eNrtlDEOwCAMAxPn/3/uVKnq0hBSkNANt+E4RgY3Mwc4lEie04NbF0V9FPTe6O+Dvm+9irt/Zcpmz86e2WuFXgP5/5ix27/r/sU/diya7Ik2d6zrfdBxAABYyQVyaQRO
4 5 eNrt1jEKAEAIA0El//+z/ZVG8JAtpoySLhkRiRNkZtW84WTfvJqdZfafugEAAIB7e3lqK2tpq27+xl8KDq4EPQ==
4 6 eNrtzzEKACAMBMFE//9nGwvLQAQRpphyLyQjIgGgYFzoX2/8fh8AqJtbd+N13/nj7Bd1MAQe
4 7 eNrtljEOwDAIA8H+/5+7dOpQVdgSbeXhxnMIighdVR1C+D04Uf1JDgw1YNlv0Q3hS1B0aThfyXH4m/dvUw/zlkN4x/61tb89dSn4NPnTDN5kwFiDMvdh+jcwnPfXPhzZpwRl
4 8 eNrt1LsNADAIQ0GQ9985KbKBLULxiiv5BZSuqgYuPU6sArU13LubQ+b8Crzfhhv4vYc27iedQ/wnAAAAWOgA9D4EOw==
4 9 eNrt0cENAEAIAkGF/nu+IjR6JvuYJ5BoRkRinJY7tJRXcVvNHZv/AwAAAK5xQ94f5H34BhUPF7cEKA==
5 -1 eNrt1zkOwCAMRFEb7n/nNEmDQFlmFCvRL16DGJulckZEDvpk7Sole+T/UEPtr57B9QZne9ru6f1X+TvUGk2s4chW5tPwBwAAAKjlmn/6y9lxdqno75qfvmAD9aYEUA==
5 -2 eNrt1zEKwEAIRFEd73/nNAmkXDKCEX7xykG20Z2MiDykW34gM58NWScPTw3m68WZXcveDQCnd1mDd71jvvgXAFjaL5xdpoZd3JHf1Cf+0Emm+syTvQAmmgRQ
5 -3 eNrtljEOwCAMA+P4/3/uHrWq0oQmg4eTYDjAwGCYGQIeQAIv+h1nQHHvL76/zLP+9rwnfAz64h4Ouiys8eQyeXaGcTYXm/Lg0H388R5ckL/6H4UQQggx20cnewiX9JCuLnMBWqAEcw==
5 -4 eNrt1EEKACAIRFHH+x+6C7RJmqz4iwcuciBBFRECgEtl4X1O6kpGbsqQsT9N/auzVuOM1PwH9vTfe+LIOHEXXP1iXwDgeQOiEwQs
5 -5 eNrt1bEOgDAIhGHg3v+dXRwcaowcJmr+4Rs6HLRNGzIiEvgp7dy8DutuXkN7uFInNfJG3qmxynf6V+OuurmpGm7/GujPvwfw5Ex9w0x2Z6nMs4u3AODDNuYSBEk=
5 -6 eNrtlDEOACAIA8H+/8/uxEVFQelwYSqFpKAiooSQVLRNbQvQeulPe8PUGWC4pR310GD/1Rkq3zWCe8BhBg//yB3AHJIPfsHLN5ThDzGDpDodWe0EYw==
5 -7 eNrt1rEKACAUQlF9///RLa1B9IQi7nBGddWSvKEmH+hk0x1+oAMAAAD/6f7VxN9O7NeF/Qp28POBtQHhUAQd
5 -8 eNrt18ENACAIQ1Ha/Yf24gRCEOM/vGMTIyYWRYQOeFMir4fzU84AAMBUFf9kpm9k8i7Md9+fB/S0n96qL86qcta+sA/Qh4F+C0BrBCk=
5 -9 eNrtlbENADAIwyD8/3PX7kUKqB48OkNAkBGRAI+oKUMmX2a/q0eZZ9nVgQb4MnfAXQGYcUv14P/+0wC2UCb3ziiD2+WzQ7s4zz8EOg==
5 0 eNrtl8EJADAMAg3uv3OHMGBb7nFPMSEQcSQNxHhB75K/A38vzJ7u70vu19QDANmT/n8X9O384/8CAHnxVt9xoe/8ljcHtEYEUQ==
5 1 eNrtzzEKADAIBEH1/v/n9IE0HpJAthisVjEjIgGM0Ta7O2S2unDb/RsAAAB/K6Mro8+H+s6eU7sAFasEJQ==
5 2 eNrt1rEKACAIRVHN///nloaIsiKFhjscmp6voEEVEcX3rHnJWlJ/Gc5V3pu/m7Hr792+38veiMgX/joAADjcnzL2xtfuiN3TAu4AYK4Cef4EOw==
5 3 eNrt1b0KACAIhVHzvv87t0bUkP1A8g0HXK6ii8XMCgAgHU3qlbwGdaSHNvfQwVsAAN79n2hWn/6MG/M9cBffyLY9PPjL/VC+3+FVvr9jJhV5lwRS
5 4 eNrt0rENAEAIQlEI++987Q1AgsUvXkmMiiUZAADgk2E+hbwL8zPKX7jBugMu7b/4YcodymB+o4MAbnqmzwRJ
5 5 eNrtlDEOwCAMxMLx/z93YWAA2sJJGfDgjTNEISkRUcBCbTgcNekNjrtdDv7UO2o4HDrMOvI6qH+W1wfH6qwS++PKOx1/5rPP7s72yLFTQ79j2B0AAABwKw8W3ARY
5 6 eNrt1jkKADAIBEAl//9z+lQ5BItMMVi5gtVmRCSwZSzzdHdc7r5mVN6u+F93BgAAPV2su5P+3iUnmC8EKw==
5 7 eNrtlTEWwCAIQyHc/86d2smhGtrY1wx/TFCIkhGR5gKk9q96tnaXxwol0p76Inyq4fx3PUbzqQ/lU/2+U5Rvs89e6cgfXtbusiNm9SDvD6I+mnoFYZ8hyrn/SWOMeZ4DUukEUg==
5 8 eNrtljEOACEIBIH9/5+tLrmYMxFYY3FbTLRwgCAFbmaeJAoOw338OORjOjM+Fvdd3rlRdCv+1/tMDDTzr+pHc06EEEL8jyDF6OwaJ/cURg/iUm/iss/4WyfkZ82pEEJUGZ9pBFE=
5 9 eNrt0iECACAMA7Ex/v9nMBgkRUZEXmc2qmoAwCe9zbBPNk7b4f1+3EjaeyPp/SIAcFvXSAQW
6 -1 eNrt1LENACAMA8EE778zC9A5KAR9ceUH0TgjIoeQ2ar5hvt+1Q2cLbOt6Nfw/oWN0Ae9zLZjoyr+zg4BAADctQF/tQRJ
6 -2 eNrt1jEKADAIQ1FD7n/nrh06aUAKf3ijQ8GYqqr04IsaunNAkgO7mMiCF99AFgEA+rzDvNDfCvV/4h/CLgK7eZzMe3jL0nfgAEMmBFM=
6 -3 eNrtlEEKADAIw6z+/8877gF26CCHHCNYShURMlMNrwy+PvVl8OFNtht6WY2f6fbufm3xp7fb0VO2DuCSBj8bd7q+TP5khgAA2zj6/QRY
6 -4 eNrt0DkKADAMA0Ef//9z2vQWyIYtptzIJCMiAQA2NehquFuGu7fsAwCg1IK+De3fX91X/L/qje0eqPwEKA==
6 -5 eNrtl0EKwCAMBM3u///ce6lJqVIF5zDHTDRIcNVaiwE0oV4L+wPsgAbfs27McPQ8LmqjcLhwVPdxx6EX83DS/8kRyfn9YR85mSH7DAAAAP7OYFqU4WKDDHjqv+sCIFUESw==
6 -6 eNrtliEOADAIxNjx/z/Pz3LZhaSisoBA9FTVAQAYoPAMmXx9dl9fw93iFwFgGT3wOuxP7nfMcNwA9JeCDeZoqK3tmey2C2svBDo=
6 -7 eNrt0jEKADAIBEHN/f/PaSwjRG0S2GLKRUHdzBwAAOAhK3S721ahM1uHvrp3Nr/S+7DX4E7iVwHgKxvzWAQi
6 -8 eNrtljEOQCEMQku5/53//idjSdDI8OJUVDCtqCqEIIa/dVeDw1p3PUz3h8B/lcbkLXCYhSLH3Sy46GEPvG1Bvm2uV3jQIo2b93fm5+ov7h5L8/lPm/c3z3nHfMEB/4wQwpt8migEfw==
6 -9 eNrtzbENACAMxMD/sP/ONFSUSaQI4eJKy5bkyzqc0NFOvAHURLGNgbar98M9AAAA/rEBoDMEHQ==
6 0 eNrt10EKACAIRFF17n/n9i3TUugvHq0mEyLJzcyBYbStJ3kl62drq6B3Jc4t7tG3ojEfRflo6r1qD2DqfOmcjxV5ALj17+h+l/Xo37AAiGYEVg==
6 1 eNrtlDkOADAIwyD8/8/dOzZIpaoHL0gOx0BGRMIxavA10L89l5uhJv90DjXeAQD+/UVuhhp8fhkAAJThldl3gv/y/nttAftTBEc=
6 2 eNrt0TEOACAIBEEO/v9nGwtrIULMFlMuZ6LMTANEU1vVR0Efj9sfTPm7zl5D9327ve2JGz5gX8l9FbxfAAAAwGEBFSkEPA==
6 3 eNrt1TEOACAIQ1FI739nNwfjBNXE+Ic3UkkUyYhITCrWqFjryJCxh2xkdHvYna9m7647+fVdaMm6OVcAcHrfy7Dz+BcBAC8ZkBQEXQ==
6 4 eNrt1MsJADAIBFF1++85HeTiggpzeMeJ+UAyIhIAAHyVqa/GWjXcO+8Bd6jZaqB19mrMkmGOFp3T2W55Z9ce+CtwxQOO8wRN
6 5 eNrtz7sKADAIQ1Ef///PpeDUMQpCucPBKQm6mTkAAAAAfC4auW52qkP9Wd3OEnW38in+kOLu27GZn+q4Dl9kBCw=
6 6 eNrt1jEOACAIBEHg/v9nW2u5BEy2mHJDtFAqIuqSDzptmmZ35ycAOw32MvUa6l13CJShn9oPtuwI7vP//Dbm570W/G0AMOkAkWIEQw==
6 7 eNrt1iESACAMA8E0/380HkkDM8CJlVdR05akAh7mZuvFGW7285zTbWJ/iR4AAOy5z4kf49aeXwW/Gvq8BB0=
6 8 eNrt1TkOACAIAEGO///Z2FlYAZGoW0znFhiDKiIKAJ/ypraiB4CXdrEnuu4+ut99c75rFm2+Sy3o+ZvPsYt7W2T66LuK9l6wY6cBgx8EXw==
6 9 eNrt1jEKADAIBEFl///n9KkPLpAtpjwRBHVnZiXFEKpBIXvXIJCn1ENqFpKk7G6ldB/beR75MST97QD47wQ1
7 -1 eNrt0kEKACAIRFHN+9+5fQShI0jwF49WowzpZuYAAOBpHW82u4rZzrzaf3I/em9y+rbi0iOTDaF7iDM69yv56p+reQD/2lvTBDk=
7 -2 eNrt1DsOACAIREE+97+zjYU1u8aYvGLKBTSEjIgEAFzVm5Kd1mixvzpDm2ZI0zt+36NX/6bun9q7DpM6SlatUYb+jjy3GACwAJjuBEo=
7 -3 eNrt0DEOwCAMQ1ES3//OXatIkFClsPzhbdhEtjGGAQCAq/zlZDb2/HG7NvK+yKvQMftfyW2ebKBFpxc21KSjunHMqylf7YlvtXmDkg2rHdb4vzXk7eP9AHDLA6h+BGk=
7 -4 eNrtlDEOAEEIAhX//+frL1ctZvWSKaYEKYSMiIS1yNDJ0LseasjQ5cEfwe3e5YBey3qfQ9tF5+FNNXmU4VVmji33ZeidjaoPj5MfUMNGsDEA8Hcev4oEUQ==
7 -5 eNrtljEOADAIAiX8/8/dWZqmRpcbbjwmDKqqBABPuMH9zdj01eADN5F99JKfGR50uWkAAHZQyxuSGR7e0c5/gC7eOXwmBFk=
7 -6 eNrt0r0KACAIhVF/3v+dWxrCrZJS+IaD0/UiqCKiANrw6TTnCd3+KV/l/ps8Pwz0Y2HuZlf6cIcl9FvSDQCAGgZMCgQ7
7 -7 eNrt1iESACAMA8Gm/f+fsQgQTDPUnFh50VFE6KIO9KDTOnoZejVbAAAwpwz99Aepgda1wYcC4JDN1tHn59a5sVvWlgRJ
7 -8 eNrtlTEOADAIAoX+/89dOnUUE2vKcCNgXA4RAWOMGcI6KNlsnsINvO7IbPPqyXb8mK/6H8QOY8x7TkGBV6Z6rXMb4u9R4PNun3HwPgp8anrYGuoEUA==
7 -9 eNrt1SEOADAIQ1Ga3v/OmIlpEGzkixcUhWBQRAhYzoeuWs1wMcON2S/1+9P9AQD9X6oFf2zyBgAwLQFZxgQ5
7 0 eNrt1jEKADAIQ1FD7n/nru1WRLGFP7xJFMUligjh4MF+bzLzfVl3sl/N+1XO6PovAADAjznVD+Rc7ifDYtYCyM4EQw==
7 1 eNrt1DEOACAIQ1EK97+ziwcwKZFo/vBGKDCgiBDwodwme2TTHs7s0/V6NP/09mVmlNGjzPyOejXsz78CAAC4YwHAOwQn
7 2 eNrt0jEKACAMBMGc+f+fbQT75CQIW0y5hqiKCAEPpaHP4jnZ7GVqXXcw/QZT8wHgN+votFO9YwcZ5su0A/8RAK4NS7IENA==
7 3 eNrtlcENADEIwwjdf+d+bgPSRur54acVBBJRVQkA4GHWx9RfoXwZ5lfQhzu0we+gL0N+eocA9KrH78P+jX80+YkT35X9l95M7ip15w19qwRC
7 4 eNrt1UEKACAIRFEd73/nOkNJI/QXb/lDIkwRoS0PqanXRZ/G+QHgZzXgjAl9mXveIgC8251de7+MvfsOJvzfv1qWdwQ7
7 5 eNrt0cENACAIQ1Gg++/sBh4sUUn+4R1LCWREJIARysyWMeN1Pj/o7/jBrW6Z3TJ31Qczdnkd3kLmXmq8zcs8AACYaQE22gQ4
7 6 eNrt1TEOACAIQ1Gw97+zq4tGA4SY/OGNpREG3cwcAPCdkZC/naFAvw756v5d9ws1ZV971DxjzSs4o3PnmXuofnN0XwrMyLh15s34EwDgzgSElgRU
7 7 eNrt17ENACAIBVG4/Yd2BoIGSa54HWh+BWREZAHF+hf9NN5hOAOD/d3ckiTpDpqzmQ/2kRzeCSXtv2lY+D8Xb8qJ/AcfVwQo
7 8 eNrt0jkOACAMA8HY/P/PFDT0RDKCLaZ0DiWqKuFr4zC7S9TomEFNe/BPAAC8zw150z+WV7i/g3+b2tsX3A3LBCPKBDo=
7 9 eNrtljEOADAIAkX//+d+wK2k0IThRiqxkYCqgjm98EK7vQGBHoT5jD9AkDOX2vlw9oj1N/7bYO/q+2dln9pD8jMEjz4Igy7UoiwCqY9C6D+EoOcAffkEUQ==
8 -1 eNrt1zEKACAMQ9GG3P/OLs6CtNgKf3hjqF2iKiJ04E2XnMhmZ1fPd/LsmR0EAI/443xn36ug77v3BzC7lye8hzuyVX8RN98NwCQLkMUEZQ==
8 -2 eNrt1cEJADAIQ1GN++/cISJEyj+8Y9AiNF1VDRwgMyszq8DsKzsoeDsAwK1O3eoVhXsxfYNZyI+ZndD8jR2c/Nb7+UvwoweOnwQ9
8 -3 eNrtlzEKACAIADX//+dWqSaVhLrhcLoUM0gVEYUw5sj61pT/9bvpOsMKaqiar2wPeOsAAAA7Y4kR3xN1NZlfC+q/7Vf0nhn+40/f6XfvIyd/Avy+BF0=
8 -4 eNrt07ENACAIRUEI++/sBFZi1HjFlS+h+GREJAAAfKAW21f7uuB+9m+0q+/Y2sk/saO5AaPQBC0=
8 -5 eNrt00EKwCAMRNFkcv87u20LLWiEKfIXbzmJxpgRkbgpU/Zaoxr16lGjewbXHAAAwNnUzKqZdedXZ6AN88O+PUzDHmsyr48d1uJdZ3q/9ZLhz7ne+i8GxPMEPw==
8 -6 eNrt0jkSACAIBEFc/v9nUwIPhMyaoDMXhGKY2QCAz/jjey3ynqijYJXP9lZxDh3y2T/c8l7YX2UHu9mr/YEONe5KzXy8aTXzAABEEyO6BDc=
8 -7 eNrt1TEOACAIA0Cg//+zuxNREZEOt1lMIAEVEXUw57uo/G4NS86/CMl/o3A+u39EVHd3ru4fTG5lI2p0nH1G33DwXnadORHRbwYLWQRU
8 -8 eNrt0jESwCAIRFEW73/nNFZOJpLASIpfvM4FB5CZ6YFPY1KQL95k72p05Ncambwa+6ug/9cekf/v3kTzathR1X6yezp5E5mZeXJmFfk/zA8AAADocAGP/QRB
8 -9 eNrt1LEJADAIBEDN/kOnyQJBwRCuuPIVhDcjIgEA4HPrmMhXd2dDHl7vZ7WbUzMmf8vt/TZEsAQU
8 0 eNrtlUEOACEMAlv4/5+9m71YSDRZDnOcYrSRrqoOIRxD0b3lq9m382nIb8MdhBDCK8DgQ5jj9B1zlC7HsIsw6BZ+nJuiq+TzsGO5vZnqTzoexv3PXxL+wgLovgRx
8 1 eNrt0rsNADAIQ0E++++cBZKCGMnNK06iMRCRjIjEujLl68KZV97+26P4f1jQj3qab3GHFrPu+Vs3AAAAgO4ATFIEMQ==
8 2 eNrt1ksKgDAMRdHkdf97duJAhCa2pn7gDs6oXEkLQtzMfNcOvEPBWdQqae/2vVYnWd+CfrQdubsn7w5gztX/b9U3VDDDn/u33x8AAHxzx1LBnlQ5w9M7XsXsM90GlZEEUQ==
8 3 eNrtziESACEMA8Cm/3/0GTzQQ65YlWnSVFUu9JKh3nT0j/vdbyfbJx0Z7udBDgAAABMfdeMEGA==
8 4 eNrtlkEOACEIA5H5/5/36kHXACZG08McW2MllmZm7TIoakn6MdAz8YycTfBOLDwzeXDoPXZ5cOEcCyHEK4z+YC92kHceXtB7oT9WHn/92WsJ7gazHKJaNmaQ7V/fMFsc0Gq3EEK8ygd8eARz
8 5 eNrtljEOACAIAyn8/8+uLkZUFGI63Hg0IZoCEQEhi9iha0EzsvIR4JN3O6/y5pCUjw/yUSCfEEJ+uMEy7rfsHq7SQ+yiMRrg62SOOf2dGR7fLvqzHfR/sAHihgR2
8 6 eNrtlTESACAIw7D9/5/9g9Urch0yBhcJq6pWCCF8BuJLLoxvT/mDHODT7E9pCi7tNMRZaNCmMKtVFHadot+lVa9vOYy3/HSGu1dIqyQ2rAMETA==
8 7 eNrt1LsNADAIQ0HA+++cJhuAZBK94kqHn5SMiMQX6no9X428mjtU842pvEz1p2ZIYw/OG4p/CAAAAIsdgYYEMw==
8 8 eNrtlTEOACAIAyn8/8+uLjpQgho73HhtHCwwM4hynPQ86c4wPggfpH+qX+yJh/0o6s/kBOGuMir+GQ5leOFWdO+zEL/fgGjez9v6dU/veL8QgmMAYKEEWw==
8 9 eNrt1rENACAMBLFP9h+ahhWCFOHC5fVXSYrn+vq1BwCY/qxe2nstYMoBv4AEFA==
9 -1 eNrtlrEKACEMQ5v2///5lptEEK+e0ZLhDQ4vpQihMDMUJV5YGez5Iz8mMrI79N5B/pfVe+32q+MNGR+bfW8yvvpCiDO7CYReQbJXVvnqKCHEbXdk9gZ10g2Ln/wHWz0EVg==
9 -2 eNrtljEOACAIA7H+/88uxsHEQSBAQofbbLVqQoeIDHKYRm2W3rq3R35SF2x+NVoPXOuhOMPLQ5s5+g683oGQrjO1ykyewVrvDPyHhPTuf9l6S/eB0QMFulvF7rgA4tIEVg==
9 -3 eNrtkzESACAMwor8/88uDs7K2dZjyAgsAREBYx4zFhn5kbyvyKPAvun1NzT2XfF3+C9fQedT86af+9xAUodq386bCl7x8hMUdZz4PQHxQwRc
9 -4 eNrt1DEOACAIA0Cg//+zP3CQhhrtcItJhYAxIyLtGSXKF6n26T3V7KEI9ZV7+wlEWVZ9Rh7N7EQP2JxhaFaKOav3fMs7919lZmZ2pwVO5QRR
9 -5 eNrt0TEOACAIQ9HS+x/axdEFhajJH95YmpSQFACAZ3k6ybqg38lMR94be3lxs3OzbF/Vv2/9GgAA/GMAUNsEIw==
9 -6 eNrtlcEKwCAMQ2v6//+8i4IMJq6NFCSHd5IkpQXTzKyJFN5heHhAl53Bk/lO2oEQQogzHVXtsatHUI8P7egmLLxX2XO3ITgD4x0v/u4PmzuI3Oa0VghxHyj+Uxj5DD2K8h/zkgRU
9 -7 eNrt1zEOACAIA0Ao//+zqzPFgKTDjTU1GoNuZr5QDMhHUz6a+7/YO5Jnh0umC5NHYZ7p7g15kPcPS98lERERmfdfYGfeirm3c+73ojXkDwfybgRJ
9 -8 eNrtljsOwCAMQ4N9/zt3RxG0Mt/Kw9uwHUKQUiKimGXwB/rMAx+0TGpBRat2JnX09PX51h0g9Aei/k0+hXekqFc9RuXvmn8zf75n/7Hb840xxhhz/u4DcWeA4NHTPgPcBF0=
9 -9 eNrtlzEOACAMAlv6/z/7ApcWxRiG2+RI0MWMiLwESA4IsqxuVT9jf3U/y3Hifn7KQ/S+TY8SOmrYXySHej9jjDHGvPn3wNC/OzPJMvs7+yy2VgRL
9 0 eNrt1EsOABAQBNGZdv8725BYG9IktXjL8gsyIhIAcEUbqmO42sr624H9nzg//EumdvbavH8q9rm01f7X9++em/cH99+nB3oZ/l7c1wEXngRM
9 1 eNrt1zEOACAIQ1FI739ndzehSkz+8OIkaOOAGREJXKBtrdZQsYYavWXqrUJep2dX867OrLpv5bf9Gs7OkT0AAIBr9p+e+6f6O/4+r+a5BbC9BGc=
9 2 eNrtljsKACAMQ/u5/51dXIVCQuOQ4W0+I9JaMyJyQA3XvVzER/dgZKco2xhjjNlGPfeKMPdL+HdhZZfw7jbqrC+Iy/B/OIPCT9A1hlFDLXpD1NnKHjziCwRT
9 3 eNrtz8kNADAIA0E77r/n9BCQEMo+5rkclmQAALBWGmfksU3hjjT+AWxyiu1078X7gV9duKQEGg==
9 4 eNrtljsOACAIQ8He/84uTm4CsX46vLEWQ0jrZuZBkNCy9fjYHwX+2dlfBcS9VO01+gbb/4S7FkIIUZupGV1FnoGYhcwcvLlj627O6LPsLrqrT7dB9P+zfpWItgNTaASS
9 5 eNrtlUsKwCAMBaPv/nfupt0ppuRVkM5iVjKRfEhaRDQAADgCGVwV4qjgq+g7/q/m7+zDX2ZOB82cJv6qDrP42pzjV/XtN29yz7gr/3nriTgZf9eukGHPOHrKzQSAERfkKQSM
9 6 eNrtl0kKADAIA5X8/899hIHYdg5zFBcS1K6qDqIF+RWs35F/S7zCenD1oov1DAAAsOlWm+7WSbxjr7tmgI7+0r7CP4LCP4LLtwp6/mUODfUEaQ==
9 7 eNrt1jEKACAMBMGE+/+f7e3Ew4uwxZQbQYLYVdU4potOod7V6mG7z2D3AACAwn0PON81I/U3c/Sp+9OA/dXnPe9YzgLODgRT
9 8 eNrt0MsJACAMBNF8+u/ZDkTNEhXm8E4yMcTNzAG0SUGfxVbRZ2Or2l9xfwD7othV+ijuHYL/ZzNW3k77ldupbnSjjwf2B4DfDIkeBEU=
9 9 eNrt1TsKACAMRMEsuf+dbUWwMUJWfMWUwV+yKiK0yIkOVOvVvH5l3y6yqT4N3s6ld7vPIFy7j848Iw/x4z/kkOV6eO6ZXQDAzgB8EwR3
