-1 -1 eNrt1rEKACAIRVGf/v8/t7a0pCLFHc54MQhEmZkOYqML2V6DLQB08Q96T7Y++H70i4I+Hp9f0U/fXxN/ULEfKnp2FIBfLXOSBEQ=
-1 -2 eNrt1jEOACAIA0Cw//+zC6MOSoMaO9xYawgDbmYt+IZMlpV3Yj/Cbj8W35j1V+VHMm+AkPeLMWZ7wx9A2A0ku1G8m4zZvbKnIiIiv8ChuwrEu+Tkza2b5j8dL+sEfQ==
-1 -3 eNrt0TEOACAIQ1GK97+zq3GkJGr8w9soDUERocuMwvyq2unscLqrd7/wGzX8Rhfk1x1p3J+FvJryaeS15dPMn+oXAAAA8LEJDhwETQ==
-1 -4 eNrtlrEJAEAIAzX7D/0DfGkgKFdcGRUxwa6qhlPIoNegjlOvQH/HHsUd4r3B7W7yrcyeTejxLsCtPE1mcfoPk3F+BX/JNmU6APw8HSIEOg==
-1 -5 eNrtlzEKACAMA5v6/z+7iyA1lSpmuM0zQQoqzAwL2gCCMO64T2Qd2zXaeeYxHU6ekRBCiDdw0s3wvTBfMyBE7luvfdyf/Y/4pu+Ey2YjIbv6LkKSX93hFjpoyQRY
-1 0 eNrt1jEKACAMQ9HU3P/OLo4OIkUw/OGNaaF0SEmqEH44Yyy7vA+zt/mu/d03dNAvAQAA+mFHN/o9T8cDskwTogQy
-1 1 eNrtlDECwDAIAhX//+fsXSqGDG0YbjzUQTIi0hhzLdh0Ff40B5s7QHBDCnxjzL/6VNVLELo16EQ8/Br2Iut2/U5mvcxnMtjsk34RPrtX1/XPG/NNFkpaBF4=
-1 3 eNrtlDsOACAIQ/nc/87uxMVgbDEd3lgEfMHNzIX4mCSokY0aWXj59q4HB/eAckAIcZcgyAdBPsB51P7l+lk2mo5MzNf5Ua7L23k3luG+M//tAoXyBFI=
-2 -1 eNrt0jEOADAIAkCV//+5a4duEG0iw41Qk5IRkcuBzELwvuIGfHDD9h2B3BTzlxBsQZVPb8nMzBrUcIciW0T+xnZ0Zl890zsw2+IAVqEETQ==
-2 -2 eNrt1TEOACAIA0Bo//9nFx9gAopohxubgAR0M3MRKYUpmkdxDSfeigl5BrO781ionRfOEQ/tAYp6kH+w8S3MyGf04I3/PN0JEakyAG8WBEI=
-2 -3 eNrtljsOACAIQ/nc/85OLk4gSk3s8DYqEGOtiogSQghpw0Fn+AJCr0G9L/XZ/StzamLOG1pCOrAH9FZ4Rxb0Kd/oH/GPE/qKh6Dvj/yXP5B/Ylf26NgBmR0nA9eyBHs=
-2 -5 eNrt0sENADAIQlGI++/cawfQYJt/eEdNIFiSAQAAgA/UJfnDTfc12FMy1+u9dm0s1YEHt4XdDrZ4BCs=
-2 0 eNrt1SEOADAIBEE4/v/nemS55MyKSdXSUNOuqgYAAHGzzp9+Dn0f+zH2E9rfTaEZMtyvQy/D7gq/OwA4/uV0v9sHYb8EPQ==
-2 1 eNrtljEWwDAIQkXvf+euHZNC1YHhj/+FOCiICBiaJLw3jA8yQ/ffO3OmeFY55J/OvAi/Dvw/XOX7U/nLu9CY9UzuKAjcrTs6Bfnzo39zW2vpfVf0QTT0iw190BjD8QDB7QRr
-2 3 eNrt1jEKAEAIA8GI///z9YKVoshtMWVsVIhJMpzni3kPqjMms3EGtwQAAH7vhNudqqNTXu3VXTvgF5B57O8EOQ==
-3 -2 eNrtlrENADAIwwj8/3M/6NKoFNWDRwMSKEIRoc9Ig5+HrquGAAA+zmI1Z6nLz+Hzc8P399f5y7h275ihM4MA4E3K4Nfw/jt/AZtvBDo=
-3 -3 eNrtlkEOABAMBNvt///sKi5CJVvsYdKDTINFuJm5eJoY6m6PILi9HyS/yvpn+WbG2XvDzpbhVnwjGOe7wv36Pf9VQPSR8HFo7tC/QgghxMU0G/AEWw==
-3 -4 eNrtlDEOACAIAwv8/88uPsCkBJB0uPEgBdQA2CKCdCf40eSzNdjeNsSPZW9CCCHEDPzC+k663ty/Kr8TO/gt62v+yhqZc+icgcj/w6xxp7oJ4AAV/QRV
-3 -5 eNrt1LENACAMA8FA9t+ZNiXCFm6+uPJBESKrqhYQ1mLr6FtsE71z/sTbAYo9pM6Y/etfcvTKP57z9+e7XXuEPQQAwJ0DLGUETA==
-3 0 eNrt1DEOADEIA0Ew///ztfS2LkLaYkrjJFLoquqAWdwZf2f3DBl5mf0K9Ms496v8zir89jJnvLzT9f7En+jw+cfsn4O7MbkfGwAAAKd9p5EESA==
-3 3 eNrt0TEKACAMBMHE+/+fbUWwkAQOZYvBag0hGREJAADwKTX0apiv4vyOXsbeeQPgZGzvbbvK4h/VHVw93jIBKfcENA==
-4 -1 eNrtljEKwDAMA23r/3/ukiFDp0o0BG64UQ4oNlJXVQNczoRmzAHtrp+ftWkPIeOlFo7e2QmZe6WAhzroX+oPuAUAgPuQmeWJDP06Q+b7MrqEXrIz0SHot3keD2oEUA==
-4 -2 eNrtzzEOACAIQ1Gw97+zqyEakUVj/vAmaUE3MwcAfE2P5VuhW5O8kh0aZlrIK7zv9q+yOri9sj/zN7/YAQAA3tcBSE4EQA==
-4 -3 eNrtlDsOACAMQivc/86u7iViKsMb6S/NW1W1QjiAIO+sAdEMYc5f4oG/VuXR6AvB7XHZJ2EWFOTZyLHZl829ab5fCGGuV2lwqzLv9CI/8/IG8kcERQ==
-4 -4 eNrtz7kNADAIBEHg+u/ZqWMDwkIbTLg8bmYONFJBrw/2a/B+FfyxQRS0kehvU70/zsi0AAAA2OEADJYEKw==
-4 0 eNrtljEOwCAMAxPn/3/uWrEVG1xQhhOTQ4iQLhkReQk1nDP5Nyfla6ihmOOu+RfZfwne7c43dwBTHuTdIGtA8PYU1WjWePXEfP1gH1DsJGz/zvm7/1/TfHEPCPfNehCEgyHwd5r939738AAZpwSE
-4 1 eNrt0jsOACAIREE+97+zraF0URPyignVIqJuZg4AADBMfu6RDTMoPbrO5y9huij1JL97ma+5EHeg3L/jDXDfArcwBCU=
-4 2 eNrt0DEKADAMQlGT3P/OXTtXaBL4wxtVMCQFVsvGjry4225HDvjxpzKzXflanp/wPwAAAPDiACQeBC0=
-4 3 eNrt1LEJADAIAEHF/XfODCGCQq648tvPiEiu1GNbA21Hnw09sOdH00/b8jZfBQB+cQDetwQp
0 -2 eNrt1isOACAMBNGyvf+dUTgw3SYVjHhy+ARRVkQsAPiAGnqZ7WQ/efeOMwAAZqXZpjFHsrCGLm0WZ99pZe4vY+5X+urbyZzbGv6z4W0DPLMERA==
0 -3 eNrt0zEOACAIBEHY/z/a3lgQsNItpjzCkZARkdJjGGYZZmnuxkF1xp6h0a/ancHtGdyYS3l/RJIkST9am78EIQ==
0 -5 eNrtlTEKADAIxPT8/5+7dOym9FrIEHCJCoKXEZHwLdq4fQ34Ms0/1d1et2+hB3zn3vwC+JlqetWcXQY3B3YHAACy09VjKgMdGbwAL7oEQA==
0 0 eNrt0zEKADAIBEFP///n9HZRIQa2mHKRK5SZKYlEF6rdRB+D9wUAAAAs4w97b/Te7PV5v2U/P4QDQ6IENA==
0 3 eNrt1rEJADAIRFH19t85TRYQBWP4xSsvigTRzcyRFkPZrjc68ptnEE3/QFc1r6H6/kB9YOMe/2WPAgCwmRqyKt7wGu4/6wDc5wQ3
1 -1 eNrt0jEKACAMQ9HG3P/Ogji6paDgH96YEkJVVQIAAIu3JN/R4Vb/9IabNnS4nfllAAcjzP6c1wN55CYhKwQq
1 -2 eNrt1DESABAMBdF87n9njSItySBji1euUITMTE6ftCHS+j7jDrd6BVvgJy/sGruO6ppzuo/OzjoDwNrOVe4rv5+/Di8YyeIEPA==
1 -3 eNrt0jEOACAIBEHg/v9ne0tBDbrFlEsCwc3MAQAAGoqCPhbnZNq5j4Ptjh34xV5U0OuBXhfv93ufvb8+/t+sAQtLBEk=
1 -4 eNrt1jEOACAMQtGW+x/a1V1T0PzhjSSmDNJV1Y9QQF6G7J7XcPbW+129JXTu7t19QwAA2rhBTv9C5wZL2nDsAeAPC91XBC0=
1 -5 eNrtljEOACAIA4H+/88uDsYBFViIHS5OJQpFUBFRQj4Ay4mgficTQxN61rOf77Ix0FxflUM0ziUK/cDeIoSQ+nmN4D97ux/aJLIj2kHvzZkbrXeHF733ZgvUxejNcgYPeQRs
1 0 eNrt1bEKACAIRVHt/f8/tzQ0BIFJOtzhjDfQwdzMHC2Nwn5sKvrf82uJ9Kc20iswox573zp9bm/7AwDE73LVG0roPeFfU5NdAkA3E8p+BEM=
1 1 eNrt0qEOACAIRVGE//9nDQaLcxMUN284wYA+gSIiBWi089RHZNjN7cmvj/wf5/v9wqwzd1WD8v++f5ZUbwNPbeT7tnnH7HyzJ9EZsvcKAICVCr+SBEw=
1 3 eNrt0bENACAIBVHA/Xe2cQHhCk2ueOXxTcyIyEvVaIiW2i9gv4Zt9wbRU/8gSZL0u3VM2gXsT24R70igl/S+DZC/BC4=
2 -2 eNrt0zESACEIQ1EI97+zzZZWohN3/MUrA+JARkQCmKpPJ1vm/t3509T/htmLGwCeIWNWizXU7L2jjja8Q8b/x3/uzLmrrixwwgBE8gRA
2 -3 eNrt1jsKADAIREE/979zmhQhrQsqvGLKFaOFcTNzAAAEYkANVQ/RkH3z0TwDAHV5VbIT8tnw/r/OpN2o8pt7z6Ybq8gr7vzmf84BL8cESQ==
2 -5 eNrt0rENACAMA8EY778zDSyQICLBF1d+5CKKCAHAh8ZS6dXcd28AgBe4qd29E3dcaE/3utybnwXSJgSLBDA=
2 0 eNrt0zESADAERFFm73/n9OnChuYXr1zGICMiAQAAHmg576glQ17NWbTc/8c+gKkblOEPqvk7p+H/B6oOJ5cEOQ==
2 3 eNrt0bERACAIBEHg++/ZyAZ4Bg0u2PBkkIyIbKhmd9uJvpbbqTfc+RM3APAnma3MVmYrY+eJ+S/+zr0bAADAlgNnVgQ2
3 -1 eNrt00EKACAIRFHN+985gpYtjBEy+Iu3a7TQ3MwcAICEELMV+RDuHcyw3T512an4+A3Zs2NT+p9q3GZf5Kt6u9Bf+SujoAYALBPd/wRC
3 -2 eNrt08ENACAIBEE8++/ZBvTFBdTsY54bINERESNpNvaO2a/P7+wB4ESGXhf0Kr5fiT6zszYqe8f9zrfHHwYA/GgBYPoENQ==
3 -3 eNrtlcEOADAEQ5X//+dddl2WYEzSwztWQwWICAgh5dhgvSXo0ej/Gt1k1NAivTl7sEMe6sjTk2tEe+uh0h8B/4w6mXNAg/6Hm8ofVnvLu3eG+0IImcoC88EEcg==
3 -4 eNrt0kESADAEQ1Hk/nfuIUxbMX/xlsEgIyLxhczz3d7O89+eS+b71YL/3vqfAABgnhqQr0Yd9/yUO7xwANnnBDM=
3 -5 eNrt1MEJADAIBMHz+i86n3RwwSDuY55GhLAlqQAAABr5SuZ/7/fw+/mHANKGJS1L3/CjlnlZSw91gAQY
3 0 eNrt1rsNADAIQ0E++++cJhMEK06kV1xpQFTOiMhDPcxO8inI31abc4bqBmceAICXtKgTnc5p8Q2O/dB0PDqm7wdFR8YnFvCLBD0=
3 1 eNrtljEOACAIA6H9/59ddHFwgQjGDhenqwkhKW5mLo6gyF0+gi6CLi7/nZWBD3eVk6oMbq8Hc6p8IYQQfXsu2m8s8Jnkd5vlqz2vO0H8zAB15gRJ
3 2 eNrt1kEKwCAMRNEkc/87uy2lUKuBgfoXb6WDSmZhRkQ+qJv8aCUDAADwJ9XwJ3LnO97RlXffgU57unidXW10p0z9c3f3NGrYp4msXtY0kdfmGSvZAfXMBEU=
3 3 eNrtlcEOgDAIQ6H9/3/W8xJjHcMZ08M7vjAWCogInOQk+ICfxhhjzEugcOs67iULHgU/i/5dz+obOnxu9lf171z+Z1eM+wKFuqo/zqBanxcziIe558T/KdlDc364IH/Or9nBAZiOBGY=
4 -1 eNrtzzsKACAMBNGse/8721jYCSaggSleOfkoInQwFl3ItPuMFy0AAOjLBb2b7nfyBhf9AAD4ywT3bAQb
4 -3 eNrtl0EKACEMA5v2/3/e6yIiuA1E2RzmOBVDpIiIwIIawAZfvdmMjg9jTIt80fEh8FPoJ+HuEGbHOP8PFMFn7Mm61GfOcB81+Z3SYXUG7pHfyg3/ohLvPKPnAb/ZBG8=
4 -5 eNrt1UsKACAIRVG9+190WxAsCruDM1OxD7yMiCygWHeyn8Ycmjuw6RxTsOEt89IMHum/ef/+YUmnM4IhOcOnOSNJmmkB0i8EKQ==
4 1 eNrt0zEKADAIQ9Fo7n/nrqVb66CFP7wxBgKGpMB4+Wk+Dx03qv23O7jY4cbs7rXb/CsAAAAw0gK8zwQi
4 3 eNrtzysOACAMBNF+7n9nDILgoJsiGPHktFk3MwcAAJjiUbveiMItVX+7PQTbu1sA/8piq+izud37fLTfBf9PmwGwGAQ1
5 -1 eNrt1zkOwCAMRFEb7n/nNEmDQFlmFCvRL16DGJulckZEDvpk7Sole+T/UEPtr57B9QZne9ru6f1X+TvUGk2s4chW5tPwBwAAAKjlmn/6y9lxdqno75qfvmAD9aYEUA==
5 -2 eNrt1zEKwEAIRFEd73/nNAmkXDKCEX7xykG20Z2MiDykW34gM58NWScPTw3m68WZXcveDQCnd1mDd71jvvgXAFjaL5xdpoZd3JHf1Cf+0Emm+syTvQAmmgRQ
5 -3 eNrtljEOwCAMA+P4/3/uHrWq0oQmg4eTYDjAwGCYGQIeQAIv+h1nQHHvL76/zLP+9rwnfAz64h4Ouiys8eQyeXaGcTYXm/Lg0H388R5ckL/6H4UQQggx20cnewiX9JCuLnMBWqAEcw==
5 -4 eNrt1EEKACAIRFHH+x+6C7RJmqz4iwcuciBBFRECgEtl4X1O6kpGbsqQsT9N/auzVuOM1PwH9vTfe+LIOHEXXP1iXwDgeQOiEwQs
5 -5 eNrt1bEOgDAIhGHg3v+dXRwcaowcJmr+4Rs6HLRNGzIiEvgp7dy8DutuXkN7uFInNfJG3qmxynf6V+OuurmpGm7/GujPvwfw5Ex9w0x2Z6nMs4u3AODDNuYSBEk=
5 0 eNrtl8EJADAMAg3uv3OHMGBb7nFPMSEQcSQNxHhB75K/A38vzJ7u70vu19QDANmT/n8X9O384/8CAHnxVt9xoe/8ljcHtEYEUQ==
5 1 eNrtzzEKADAIBEH1/v/n9IE0HpJAthisVjEjIgGM0Ta7O2S2unDb/RsAAAB/K6Mro8+H+s6eU7sAFasEJQ==
5 2 eNrt1rEKACAIRVHN///nloaIsiKFhjscmp6voEEVEcX3rHnJWlJ/Gc5V3pu/m7Hr792+38veiMgX/joAADjcnzL2xtfuiN3TAu4AYK4Cef4EOw==
