-1 -2 eNrtwwEJAAAMBKH7/qXXYyi4aqqqqurrBxngBAE=
-1 -3 eNrtwwEJAAAMBKH7/qXXYyi4aqqqqurrBxngBAE=
-1 -4 eNrtz7ENACAMA0En+w9NQ8UABKErrn3ZlaQA+EpvE40+3N4/+R0A4GULnzwEDw==
-1 -5 eNrt1DEKADAIQ1GN979zx0KhUwQp/cMbow5qRkTiqoxcGfk0827vrhrYNFxDDTOoYQZ2Aa/f49Qd6ODk+QEAAPxpAQD2BCo=
-1 0 eNrtlzsKACAMQ2ty/zu7OomaoAgZ3hgC/bdVVQvL0KCloB9R9D/6O/PA1HIIIXyzPx3z2zH7szvexI3CDeW8XVRvPrg5Q3DMR4j1BuE/wMBJf2Liv9OfmPx1NMXgVr47jTEEjA==
-1 2 eNrt1bEJADAIAEHF/XfOBClChBC84sq3UTAjIoFj9bjHbe3aupjR0dvhnFvLz/vyAwAYZgFgdwQl
-1 3 eNrt1kEKACAIRFFt7n/naNc2LQbiL95ykki0jIgEAJTIfIaM+ZUbzfpj08nKWF/FfDZyAP7fD9X5LPNuuLkf6ZWz93b+B27dgV57bwLZAwRP
-1 4 eNrt0jEKADAIBEFP///ntKlzghG2mHJFQUWEAAAAgAfV0Ndgf8+ood6545fdN/5uGl029Frca7CH5wDvEAQ1
-2 -2 eNrt0jEOACAIBEHg/v9nW3tPCWaLKVeMkhGRAPBQNfaO2XXYOvpqnO94RwCYTqYz1NDu9xd/+eVuanDPXt61ACrnBC8=
-2 -3 eNrty7EJAEAIBMGT779nEwsQHowmmGy3khQAAABw7o2ff9s2G+AEBw==
-2 -4 eNrtlrENADAIwyD8/3Mf6NACEgMePLoRFUJxM3MAgAEi4aiYqcb8Dj8+XRVnF3sHAMn79eJ3vBtFd9qfnp/93klHP9BAt8hm60L2z7Z1owOcDwRF
-2 -5 eNrt0zEOACAIBEFO/v9nG20sAQPFFlOuIURkZgIAAAA+WkdHvwb03bvjD867h2jrRf3lgf6lxBuR3WX6ihmUnF+N97wBoSwEPQ==
-2 0 eNrtlsEKwDAIQ038/3/eZaeBsDYF25LDg14iDREVEQFjjDFXkS9qjS59ih528D8CP28O6CjoUegx8YfKz5+MKWRMMWM29tmqPk/PPGPMwv2LDfZv51w86X6Y4QFU8gRd
-2 2 eNrt0SEOACAMA8CN/f/PIFGYkRCSEyfbimZEJAAA36rHHbXp5uvD/Wxmb30IcDKWCeFMBCg=
-2 3 eNrt1TEKADAIBMFT///nNHmBJ6bIFlMuRBQSkgJoyoE+H/bdGepy2jLePNG7uy/uHwBG/tH8uAcA7DqGiwQi
-2 4 eNrt1LENADAIA0GM9985Q4QIiL640liisCJCAAAAA/gy64J+N/ar6MZr+UE+F+cn/BBQ495O2Hwt7T/PnAQw
-3 -1 eNrt1jEKACAMA8A2/f+fXRxcJcUoZjhwSatQpBkROWE57wKZZ2t09P9JkVllnq1R4jdUQ94z/DYI/1s03T+F/c3M7OzOqNx5Xt/5PEN2mwHM1gRL
-3 -2 eNrt0zEKADAIQ9Gk9z90V+lWKqbDH94YIYqWZAAAAACjVpHIn3NSHfzYoWMH+OMXEvfvyCf73+Y3XOQEGw==
-3 -3 eNrtwwEJAAAMBKH7/qXXYyi4aqqqqurrBxngBAE=
-3 -4 eNrtwwEJAAAMBKH7/qXXYyi4aqqqqurrBxngBAE=
-3 -5 eNrtlDkOACEMA3P8/880WyA6FMMKmGLKsSUripuZX0p8VP34wVd1KzZ0AICHfveYERtddQb3tHYn5a3NelnsTkG/F/uzy9ntjzmVDQEATqIBS64ERA==
-3 0 eNrt1jEKADAIQ9GE3P/OXTp1KiiVwh/eGBVcYkkGAGDLULZjdxpn5GH2nOGhfMcPAQD4vQNlMF/pErm4YQFzPwQ9
-3 1 eNrtl7ENADAIw0D5/+ceEaQg6sGjSQdQ1K6qXoYMT2buphkpHwAAYKqb3V7SgN/04je7NuUrmL/pDcl8uHujV+48+Wd03Ad9zgRX
-3 2 eNrtlzsKADEIRHW8/5232SokLKziRJjilW/yMQF1M3MhkoCcgYSPhS53l9F99q97R8JHwbv4m5Gty+qCVFMQ/6MQQkwjXqZnVOyh466n+zF8/Qo/LpgBmP0OiPNHRx9/4gGC9gRd
-3 3 eNrt1TEOACAIBEHu/v9oWxsrVALZYsqFhqgiQgCAEZzodr/a05xMr4I+u1sX+g636cIZU/ZzX+jwp9zsXfynuOF7M6HHOwtUuwQ0
-3 4 eNrt1rsKACAMQ9Em/v8/uzoKDVTkDmcMfUxRVekzDuQdyHsg79ANCvxA+NJq5E6d2YkdJm7ozlczCwCv9jY/0ts8kE/tQP8CcGMDx54ERQ==
-4 -1 eNrt1cENACAIQ1Gg++/sEMUg8R/esQENSTMiEmvIzHbkNTQ/H8jjD2VmO/Jlzq6Fb+/6P24Y23paZsdquOPVvAN3BAD3HJCKBEY=
-4 -2 eNrt1sEJAEAMAkHF/nu+IhIIHvuY5+JXS3KhDNsM26veS70P9wEAaPoLKfsLm18jfAUA+MoDlJ4EQQ==
-4 -3 eNrtziEOADAMw8Ck/f+fRwbGC6pMBgct2ZIMAIhRi3090t5/09e07+V+8u/FHgCARAcYLwQg
-4 -4 eNrtwwEJAAAMBKH7/qXXYyi4aqqqqurrBxngBAE=
-4 -5 eNrt1MEJADAIBEHd/otOC4EIHmEf87yHnthV1ZIkSbrGQJ6gPA/zE7DLrS4IuIVfb5Ol/GSv/kolOq1YBCE=
-4 0 eNrtwwEJAAAMBKH7/qXXYyi4aqqqqurrBxngBAE=
-4 1 eNrt1aENADAMA8FE3n/nrlAQqY104OADI3dVNcCFDPQZ6PNBn6UbANj/pZt74K0D2icELw==
-4 2 eNrtlzEKADAIA43+/8/dC4UWpak0w22eKMRBmBk28YPalV/Vwy+7L/hCiL+IpBvJPjGR8UHylSPR8X5Bzn7F3TL3Zs6u7AvRA/ZPx/QHzmoEVQ==
-4 3 eNrt1jkOwCAMRFHD3P/OoaBIxRKWUaRfPNEwtoQRIkVEMlKRq7/m3+usXLPu/Mr8ZL5DAAAAO/6kjuxsDTX+Y1roM1rja//entHeOnB+t2cNON+zB7kCBFY=
-4 4 eNrt0TEKACAMBMHk8v8/W1l4WEVQkC2m3COQjIgEAAAAPqJmV7ahRj+peYf3utT6Rh60L/ra/BDAagDYqAQw
-5 -1 eNrtz7ENAEAIQlGI++98jROIyRX+4pWAWpIPqTbNJh21sJ92OMx66Qd/vB8AAAAALnoc5gQl
-5 -2 eNrtwwEJAAAMBKH7/qXXYyi4aqqqqurrBxngBAE=
-5 -3 eNrtwwEJAAAMBKH7/qXXYyi4aqqqqurrBxngBAE=
-5 -4 eNrtwwEJAAAMBKH7/qXXYyi4aqqqqurrBxngBAE=
-5 -5 eNrt1CEOADAIQ9GW+x8aO7UJWMaSL54iNGBqSd6Iw/zW7pox4QYD+MLr3qnuVjKiqTM7fqBvAQAA5kkbBwQX
-5 0 eNrtlDEOACAIAyH9/59dnHTBlIDGDjeZEjRX3cxcCCHEBiaVWSwwefbucuAv19meZPSF9b77Dbxxhjr7dvfQ3Du2syB8h/wt+YeQ4APILII+nMyIOsjsl3V+i2cD6OYEmw==
-5 1 eNrt0DEOADAIQlHk/of2BG0HWJr84U3GgI6kOfBl9uLCftLBhRtaXOjh8Be/5wMAAAAAMgsTIwQS
-5 2 eNrt0TEOACAIBEHg/v9ne2OiiBqLLaYhnoC6mfnHlKz3Z5Sor/RRIq9i3ifz6/L+OvD+t/7fi/MDAAAAQBSzsXlHDLzo3QB++QRJ
-5 3 eNrtz8ENACAMA7G0+w/NEBSEkB9+XqRUkgIAgIf0ZttDG7fbiQ8//AfOWGnMBBM=
-5 4 eNrt0jEOACAIQ1EK97+zm6sDTdD4hzeWBoIiQgAAYMtmNg39nTlp2mG6n1/ED8qQr4fzuiQ/fQOZZgAnC/PcBCw=
-6 -1 eNrt0DEOACAIBEE4//9nG+3oMDmNW0y54UJGRAIAAAAf09LtdaCXeYPjf3lBj9owtbt//b5zQ9VNeogEKw==
-6 -2 eNrtlcEKwDAIQzX5/3/epQcZDIoROkoOD3pojIUaMyLSGGMuAQtVj0N6tcaUv//SnXCh6ilqOeBP8e2dOvV+PWNzdr780Zi92kdn5t/9Q5j/Tu5wOHucW8Zo+f4XPQXfU/slB/bbxI7erfEA42oEgg==
-6 -3 eNrtlDEKADAIxNT7/5+7dyooVSFDxhwiem5mDrCMSLpRlLHZ545g4n9W3Hj3f3mRH40dR1cAAOxGAzKUyNBFxvdPvgr2p4T/Ou8BSM8EQg==
-6 -4 eNrt1bENgFAMQ8HE3n9nNqCxEXzxiisdOU2yM7MBF/IO5jjs0MgvADxEH8jr4P5/4uJPdPgT/eIOOO9OJTNUulMKeqjQo7kD9xbAnQtk6gRA
-6 -5 eNrt1zEOwDAIQ1GI73/nLh0bKQKjDP3Dk7LYQWxkROQQbd6VDhU71Mg6Orp/pyEPAACA/1qvG/llyk9lddBRzZ/Oruat5Lg1dOFOcnU4d6DC/aUP3Rk0uMMHPU4Eaw==
-6 0 eNrt07ENADAIA0GC9985MyS2BMUXV74QSJyqOsADBXqZrQZmJ/ZXqNeCXsbtNHh/fhgAAGCfNttE3wN9G/1PewGRogRE
-6 1 eNrtlLsOwCAIAHn8/z8bN9MYFWla095wA4EDBkVFRAEAAljCsxtmP93jWt+LI25kl5rzQc3I94bZfrbhW9JfeUszXxd8/izAt8jehLd8/7nPTQY4gwLl5gRc
-6 2 eNrt16ENADAMA8E4+w8dUlRSRbaKHhx8GVtVpYc+tNRG626negV6AAAAAEDua7X5N5P9z+272/YDwyAEHw==
-6 3 eNrt0isSADAIQ0GY3P/OmMpWwTSIJ1YGhk9GRALAAjp+Z2811Mh3Z+j2lukGOXAD5w9t+0HX7DLlp3YIAADeCumeBE0=
-6 4 eNrt1rENADAIA0ED+++cJhvYguaLK5+IipSkgubbblNvX/fO7mXOSPQAAKTvS+p/sHnj+rBtY4bbX+4OAJsefm4EOQ==
0 -2 eNrt1yEOADAIQ1EK97/zzMT0IID44smmS2aozExXXPoQyXxVv5L9whqeyHlBtw/mq94w9QcAAIA7buoO2nCHYWaXvZuwe9dGwSaOhk18AAjOBEc=
0 -3 eNrt1jEKADAIQ1GT+x+6HXqCVgiVPzycgoOgqqq0+dQbbsi/9nY4r0/z6fkB6DFhDzicBwBuAL8oMN0CjAsEIg==
0 -4 eNrtwwEJAAAMBKH7/qXXYyi4aqqqqurrBxngBAE=
0 -5 eNrt1iEOACAMQ9FR7n9nDAgIAlgYIfniiYluyVSTmSV0ctVmBefHHdrcMbuvw1/ocd7zQwAA8Dc5+oWc/UQL9097y+18RLeimwF/KhcqBDI=
0 0 eNrtwwEJAAAMBKH7/qXXYyi4aqqqqurrBxngBAE=
0 2 eNrtljEOACAIA4H+/8+urkoFox1uPEPApHUz8wViwjfIuDf4QghRAZIuw8+8A+Ic1fsT4oaeEk0+Ywc/3azz3rMXhL3FA38EhAxBMktAzHE09gBv7CHK8bMMbS4EXA==
0 3 eNrt1TEOACAIQ1GQ+9/ZxRu0pib+4Y0FjEO7qhoAgIctMZvKL8N+9f1ztDhD3Z+aMYYbUlnX/wH4rzOT3eXqPtyxAYrTBDk=
0 4 eNrtzbENACAMA8EY778zE0BBIpniiyvfVlUpZAW/f/g/cbN18/d1wwP/yV7BdqIHAAAAgJsNH7YEJw==
1 -2 eNrt0sENACAIQ1Gg++/sEDY26j+8YyFou6oaR41pxlyaH8P+Jm/pEQDcROH87gyFb3DsVvj9X+y0gv+hYKcVzgO/WtXjBEI=
1 -3 eNrtz7kNADAIwEAI+++chg2MFBS5uNI8GREpSZIk6RvVSFuwfbGf/j7Rb7lhi9PojARz6A0TPd19hvoLqTAEOA==
1 -4 eNrt1yEOADAIBEHK/f/PNRXVQANNVoxcxDnczPxYAZn27jM3AAAAgCnU2KuxV/Nu+JcP6Ct+4oq/+PUGG+AwBCQ=
1 -5 eNrtwwEJAAAMBKH7/qXXYyi4aqqqqurrBxngBAE=
1 0 eNrtlUEKwDAIBHXz/z/3WkoTG7JpKcxhLsKoBKMZEQkAAL+gLbpnVnO86bpyrNZPgw8A4EAGV0Vs5OtBrLczNZHjbm/3al3jrfBVvE91c7T55nBvxvPn/gNf9CBDD7PeAQAqBF8=
1 2 eNrtlTEOADAIAhX//+euHbpBYo0MN4JNBy4jIs0qSpAvomd6XvGHxkwAFxPzd09+0GF2+rZEvq2BvoTAlyDvK3cIRD6bthCPd3R1sHsOb7gxEg4aRQRf
1 3 eNrt07EKACAIRVF9/f8/tzRJi2QReIczPhVRNzMHAACtqLDWWF7mVZBXyGfqxP6enEGbHXS/Jx1mVdBfn/wUANwyASDLBCg=
1 4 eNrt0DEKADAIBEEv/v/PaVOk8iQS2GLK9UBFhAA8k019Gn2a+5N91x9vVrE5ybzh9BraBwAAwB82j5MEIg==
2 -2 eNrtljEOACAIA6H8/8+uxlGbVLTDhalCIKnNiEhzLRBpT/SYyMM3OuuVt2fNYExHz2R4FwT6JPZXeZ+9xzCope7oizRDx/4vZlpmtsMn+QzincP/wbUM9eMEQQ==
2 -3 eNrt1zEKADAIA0AT///nLt0LKrTaDDdGERwUZoYD3xCUzWNAf8hoLMgz2ZuXZxDptG/8ON99dhH5U+aer/oFonVcP4E8ZAHvcwQz
2 -4 eNrtwwEJAAAMBKH7/qXXYyi4aqqqqurrBxngBAE=
2 -5 eNrt1jEKACAMBMHE+/+fbbRWEiEqW0wla0QQdDPzi6ionb0e7gEAAH6hh/vVn07JPbQ5QxtrkXOemq/kHfBO/tKGir4l+spzR3T0BwRU
2 0 eNrt0TkOACAIAEGO///ZxtIYAojNFlNYLJCoIqIAMMiLrRdm+Of9HTdoQw8AnWyrzri9o332FjvI9tqwf6qN/MV0D+CdBZXnBDI=
2 2 eNrt1TEOwCAMA8DE/v+fWVGlDpUtoMjDjXYCDHRV9QtO+iOK+WePMn/1bNf8iIj4Hxry3JB1dfCA+9t5/hkMeQg9EHeAsANMO0RE/kdXBy/IO95hADqpBFo=
2 3 eNrt0TkOACAIBECI//+zrbGVeGWKKQnLkhGRAAAAn2qDl+dX7q/ocFfeWzo7ub/qb7MOd3AENQ==
2 4 eNrt0jEKACAMBMF4/v/PthYiGhMCssWUe4WmmVkDALj0wo0+qey5A+A/Cuj1sLnrddhm9HL2uuhXG3K8owL+VYU3BCDHAIxDBDg=
3 -1 eNrtzLENACAQA7GE/YemYQOKF8KFy7smKQDAR9Yx3d8+OtgD8J4NVQQECg==
3 -2 eNrt0rEJAEAIA0DN/kP/Bt8o2FxxZQwEu6oaAICvDLNZ6M8wu3XjYoP4QYCxB3Q8BBA=
3 -3 eNrtwwEJAAAMBKH7/qXXYyi4aqqqqurrBxngBAE=
3 -4 eNrt1DkOwDAIRFFg7n9nN0ljuTGDlBS/eCWLDSIjIgHgZ/ToxqmZR4cYXcTmoX63f5n968P62Xi/hubezbHPsIz9LXP/y8jxxjr/UAP/qIEbwC0EAGDWAlVUBHA=
3 -5 eNrtlMEKwDAIQ9X8/z/v0lNhpS4W6sjhnUoSKRo3MxdCCCFEOzC4QR8F+ZH0mfODnP9L9jx/Ru/k/1fo/3ADnfWMB8gbBumxq397z2SvPJiOw+GOrNoxqCNEIQ88/gRt
3 0 eNrt1zEOwCAMQ9HY3P/OXZjYKL+N1Hp4YnJAUYagqtLkSZu8EFDDm1kdvMHL+QQDeaK3ioiIgA0gPxqzd2uc5onexTuIPYy43017ILHn/2lW1Nzrzn9Hd95gD746oxeRSgRS
3 1 eNrt1CEOACAMBMGW+/+fURhypkEUwopRZU2bkBGRm2Gsmcx716dpq32avtICAADgPvq8f/Feat63Glsdtl09fw2cCZp3BD4=
3 2 eNrtwwEJAAAMBKH7/qXXYyi4aqqqqurrBxngBAE=
3 3 eNrt0iEOAEAMAkEa/v/n82fbgFkxkqYkjKQBAAB1Lmab+e0NH3XY/OHDDg5m/+04vD0AQNYDm+8EOQ==
3 4 eNrt08EJADAIQ1E1++/cSzuBQoT+wztGIWhGRC6lZlbNGTkwQ+Ye8Cfn72job7j7nerq5B27y5gvc28AAADPAWPCBDI=
4 -1 eNrt1ysOACAMA9CN3v/OWAQJYp8GqHhBtRNAAm5mXmgk5Ecgd2t+18PcBxERkZeA3INgB5YVCfOhM9Eq633IzDP/CJXz0ZQ/3U8QsvKHCfk/BD8=
4 -2 eNrt0iEOACAQA8Hr/f/ROATyQgJixKRqXVNVAQAAtj522k77ftjnYu9L8JcFZegEEw==
4 -3 eNrt1TEOACAIBEHg/v9nW0OnkGDiFhOrLWhONzNPIvFDkd5b1R4AALxFDb0G2r3X0O0A0LEnKu6ZmrZYQ3/B7xYy0wQ0
4 -4 eNrt1kEKACAIBVHN+9+5E5SQhHycxVvFCBGEbmZ+EJezTAzuu9rqm6lZxbazBwBAUfeO8zojiv3EPQv4+Y8o9+r334eSBEQ=
4 -5 eNrt1iEOACAMBMHr/f/RKAxBlJBwCVkxclsEoiWpABxzqJ19en/y7TczzN8FAAD45h5P3aVr68czdm2nH6/cBBs=
4 0 eNrtwwEJAAAMBKH7/qXXYyi4aqqqqurrBxngBAE=
4 1 eNrtljsOgDAMQxPn/ndmRzAQN3IrPDx1svPrLyMiB8AGHuocQOjxUY8XuvE6uYOsG4fvNzNP3daOvsj41fRhtE8eTO9U/fszK94ziPWeo9nxXJ3yT5uKnwvyh6h+3y/GaLgAtDUEXA==
4 2 eNrt0TkOACAMA8EE///P1CAqEmEhbTGlc2ZEJPARFbMq1tFW51W2q//N7jL96/Q3V961v5puCAD42zBlO3o7Zwewmog6BDk=
4 3 eNrtlTsOACAIQ/nc/84uTsYYLR3UdHhjC4GibmYuhPiKLGoT9KhoRw9/sD5j/uJeonO6+9jUr7IXJD16Pzu1V3NTfs5yxtImkG/UY6ZPsAcvetzynjP+I92EEIJNAywNBGE=
4 4 eNrtkzEOACAIA7H8/88uTm4KCWhuuI0GStphZgMAWuKLiD4yf7p/n/dLv57wN/LzJgpqM/Qquj/TA1n6P/Mq7oyS8n7rQU36Qt8A4DUm/98ENQ==
5 -1 eNrtzaENADAMA8FY3X/n0uI0IODAyejlVFWAlc6zp9l323x+b/if6DPQAwDABheRPwQh
5 -2 eNrt1aENADAMA8Ek+w/dISrVUnrg4AMjd1U1QMhctuk+uR8AtnzxPG59Mb86iUAEEg==
5 -3 eNrtlUsKwDAIRB3n/nfuqhACVZsq3cziEUJ4mo8YmBmEGIbbWHUYzFc8yJm5t+/JvvkQxxM/civ5mdxflB8Fv3oGJHtA0ceLN1zXeFh73lC//jGON+RXH5nvUfzBxUFv7HS7zsDGf0IIIYQQc1z4LARs
5 -4 eNrt1jkOwDAIRFGW+9/ZVYq4CFIYYkX6xausAbvBuJn5gyzOp7JXPht1UnD/k+8HAPxbNHPxskZsvFljon/1x1a9p/Mqql2os0Mp8vlxf9UeyBwCgLsFH6UEXA==
5 -5 eNrt1yEOACAMBMFe+/8/Y1BIeg2CFRPUsUGiiJBZbt19NvaON+jjPgAAADCtjvNmX83+7R1l7L/ay9DXw/7EP9bxh03DPofaCw/LBDs=
5 0 eNrtkjEOACAIA7H9/5/djSZWNDJ0uEU5IA0tIpoxpiRIutjogYS/+oc4f6yDOH9Wh2TOSOQP364xpeDijYLPA58DL3yKeyu+mulJD370K+zAi3kaY8wOHSYNBGc=
5 1 eNrtzLERADAIxLCH/YdmCJJLChUq7UpSAAAX9bLtB+3JBwD8YABL5AQI
5 2 eNrt1sENACAMQtHC/kO7g63B6D+8I6HxgqoqAXiWmzlvZt3s9kC3A+/WzWrgdgAATu+NL9l7Bbqntjr518C/FhR3BCQ=
5 3 eNrt0lEKAEAEQEFy/zvvIWil5mM+XwkZEQkAwBd1uK9GX80+h/rN3fvj2VtuzwAXPc6YBCc=
5 4 eNrt1LENACAMA8HE+w9NwwYxMqAvroQQybirqgEAuIi2yXnHfA1mp94vw/5tuuO3TKaynM6Dgvs7/zQ5Bujnkz33Sk8t1bQEIQ==
